 libxmlrpc_util

 Timestamp is 5db9c7e2 (Wed Oct 30 10:26:58 2019)

 Preferred load address is 10000000

 Start         Length     Name                   Class
 0001:00000000 000097b1H .text$mn                CODE
 0002:00000000 00000104H .CRT$XCA                DATA
 0002:00000104 00000104H .CRT$XCZ                DATA
 0002:00000208 00000104H .CRT$XIA                DATA
 0002:0000030c 00000104H .CRT$XIZ                DATA
 0002:00000410 00000104H .CRT$XPA                DATA
 0002:00000514 00000104H .CRT$XPZ                DATA
 0002:00000618 00000104H .CRT$XTA                DATA
 0002:0000071c 00000104H .CRT$XTZ                DATA
 0002:00000820 00001730H .rdata                  DATA
 0002:00001f50 0000010cH .rdata$sxdata           DATA
 0002:0000205c 0000018cH .rdata$zzzdbg           DATA
 0002:000021e8 00000104H .rtc$IAA                DATA
 0002:000022ec 00000140H .rtc$IMZ                DATA
 0002:0000242c 00000104H .rtc$IZZ                DATA
 0002:00002530 00000104H .rtc$TAA                DATA
 0002:00002634 00000140H .rtc$TMZ                DATA
 0002:00002774 00000104H .rtc$TZZ                DATA
 0002:00002878 000001b8H .xdata$x                DATA
 0002:00002a30 0000081bH .edata                  DATA
 0003:00000000 000003c8H .data                   DATA
 0003:000003c8 00000468H .bss                    DATA
 0004:00000000 00000208H .idata$5                DATA
 0004:00000208 00000050H .idata$2                DATA
 0004:00000258 00000014H .idata$3                DATA
 0004:0000026c 00000208H .idata$4                DATA
 0004:00000474 0000070cH .idata$6                DATA
 0005:00000000 00000104H .00cfg                  DATA

  Address         Publics by Value              Rva+Base       Lib:Object

 0000:00000000       ___hybrid_auxiliary_iat    00000000     <absolute>
 0000:00000000       ___hybrid_code_map_count   00000000     <absolute>
 0000:00000000       ___guard_iat_table         00000000     <absolute>
 0000:00000000       ___hybrid_code_map         00000000     <absolute>
 0000:00000000       ___guard_longjmp_table     00000000     <absolute>
 0000:00000000       ___guard_fids_count        00000000     <absolute>
 0000:00000000       ___guard_longjmp_count     00000000     <absolute>
 0000:00000000       ___dynamic_value_reloc_table 00000000     <absolute>
 0000:00000000       ___guard_fids_table        00000000     <absolute>
 0000:00000000       ___guard_iat_count         00000000     <absolute>
 0000:00000000       ___volatile_metadata       00000000     <absolute>
 0000:00000000       ___enclave_config          00000000     <absolute>
 0000:00000002       ___safe_se_handler_count   00000002     <absolute>
 0000:00000100       ___guard_flags             00000100     <absolute>
 0000:00000000       ___ImageBase               10000000     <linker-defined>
 0001:00000670       ___local_stdio_printf_options 10001670 f i asprintf.obj
 0001:000006b0       __vsnprintf                100016b0 f i asprintf.obj
 0001:00000710       __vsnprintf_l              10001710 f i asprintf.obj
 0001:000009d0       _xmlrpc_asprintf           100019d0 f   asprintf.obj
 0001:00000a40       _xmlrpc_strdupnull         10001a40 f   asprintf.obj
 0001:00000ab0       _xmlrpc_strdupsol          10001ab0 f   asprintf.obj
 0001:00000b40       _xmlrpc_strfree            10001b40 f   asprintf.obj
 0001:00000bb0       _xmlrpc_strfreenull        10001bb0 f   asprintf.obj
 0001:00000c10       _xmlrpc_strnomem           10001c10 f   asprintf.obj
 0001:00000c70       _xmlrpc_strnomemval        10001c70 f   asprintf.obj
 0001:00000cb0       _xmlrpc_vasprintf          10001cb0 f   asprintf.obj
 0001:000010b0       _xmlrpc_base64Encode       100020b0 f   base64.obj
 0001:00001290       _xmlrpc_base64_decode      10002290 f   base64.obj
 0001:00001570       _xmlrpc_base64_encode      10002570 f   base64.obj
 0001:000015d0       _xmlrpc_base64_encode_without_newlines 100025d0 f   base64.obj
 0001:00001630       __vfprintf_l               10002630 f i error.obj
 0001:000016b0       _fprintf                   100026b0 f i error.obj
 0001:00001730       _xmlrpc_assertion_failed   10002730 f   error.obj
 0001:000017c0       _xmlrpc_env_clean          100027c0 f   error.obj
 0001:000018a0       _xmlrpc_env_init           100028a0 f   error.obj
 0001:00001930       _xmlrpc_env_set_fault      10002930 f   error.obj
 0001:00001a50       _xmlrpc_env_set_fault_formatted 10002a50 f   error.obj
 0001:00001b10       _xmlrpc_faultf             10002b10 f   error.obj
 0001:00001bd0       _xmlrpc_set_fault_formatted_v 10002bd0 f   error.obj
 0001:00001ca0       _xmlrpc_lock_create        10002ca0 f   lock_platform.obj
 0001:00001e50       _xmlrpc_lock_create_windows 10002e50 f   lock_windows.obj
 0001:00001f50       __snprintf                 10002f50 f i make_printable.obj
 0001:00001fd0       _xmlrpc_makePrintable      10002fd0 f   make_printable.obj
 0001:00002030       _xmlrpc_makePrintableChar  10003030 f   make_printable.obj
 0001:00002130       _xmlrpc_makePrintable_lp   10003130 f   make_printable.obj
 0001:00002480       _xmlrpc_mem_block_append   10003480 f   memblock.obj
 0001:00002580       _xmlrpc_mem_block_contents 10003580 f   memblock.obj
 0001:000025f0       _xmlrpc_mem_block_free     100035f0 f   memblock.obj
 0001:000026f0       _xmlrpc_mem_block_new      100036f0 f   memblock.obj
 0001:00002750       _xmlrpc_mem_block_new_pool 10003750 f   memblock.obj
 0001:00002ae0       _xmlrpc_mem_block_resize   10003ae0 f   memblock.obj
 0001:00002d30       _xmlrpc_mem_block_size     10003d30 f   memblock.obj
 0001:00002da0       _xmlrpc_mem_pool_alloc     10003da0 f   mempool.obj
 0001:00002e70       _xmlrpc_mem_pool_free      10003e70 f   mempool.obj
 0001:00002f20       _xmlrpc_mem_pool_new       10003f20 f   mempool.obj
 0001:00003020       _xmlrpc_mem_pool_release   10004020 f   mempool.obj
 0001:000030d0       _xmlrpc_pselect            100040d0 f   select.obj
 0001:000031a0       _xmlrpc_millisecond_sleep  100041a0 f   sleep.obj
 0001:00003200       _xmlrpc_parse_int64        10004200 f   string_number.obj
 0001:00003670       _xmlrpc_gettimeofday       10004670 f   time.obj
 0001:00003700       _xmlrpc_gmtime             10004700 f   time.obj
 0001:00003760       _xmlrpc_localtime          10004760 f   time.obj
 0001:000037c0       _xmlrpc_timegm             100047c0 f   time.obj
 0001:00004070       _xmlrpc_force_to_utf8      10005070 f   utf8.obj
 0001:00004390       _xmlrpc_force_to_xml_chars 10005390 f   utf8.obj
 0001:00004480       _xmlrpc_utf8_to_wcs        10005480 f   utf8.obj
 0001:000045d0       _xmlrpc_validate_utf8      100055d0 f   utf8.obj
 0001:000046c0       _xmlrpc_wcs_to_utf8        100056c0 f   utf8.obj
 0001:00004995       _select@20                 10005995 f   ws2_32:WS2_32.dll
 0001:0000499b       _InitializeCriticalSection@4 1000599b f   kernel32:KERNEL32.dll
 0001:000049a1       _EnterCriticalSection@4    100059a1 f   kernel32:KERNEL32.dll
 0001:000049a7       _LeaveCriticalSection@4    100059a7 f   kernel32:KERNEL32.dll
 0001:000049ad       _DeleteCriticalSection@4   100059ad f   kernel32:KERNEL32.dll
 0001:000049b3       _SleepEx@8                 100059b3 f   kernel32:KERNEL32.dll
 0001:000049b9       _GetSystemTimeAsFileTime@4 100059b9 f   kernel32:KERNEL32.dll
 0001:000049c0       @_RTC_AllocaHelper@12      100059c0 f   MSVCRTD:stack.obj
 0001:00004a00       @_RTC_CheckStackVars2@12   10005a00 f   MSVCRTD:stack.obj
 0001:00004b20       @_RTC_CheckStackVars@8     10005b20 f   MSVCRTD:stack.obj
 0001:00004ba0       __RTC_CheckEsp             10005ba0 f   MSVCRTD:stack.obj
 0001:00004be0       __CRT_RTC_INIT             10005be0 f   MSVCRTD:init.obj
 0001:00004bf0       __CRT_RTC_INITW            10005bf0 f   MSVCRTD:init.obj
 0001:00004c00       __RTC_InitBase             10005c00 f   MSVCRTD:init.obj
 0001:00004c40       __RTC_Shutdown             10005c40 f   MSVCRTD:init.obj
 0001:00004c60       @__security_check_cookie@4 10005c60 f   MSVCRTD:secchk.obj
 0001:00004c80       ___raise_securityfailure   10005c80 f   MSVCRTD:gs_report.obj
 0001:00004cc0       ___report_gsfailure        10005cc0 f   MSVCRTD:gs_report.obj
 0001:00004e10       ___report_rangecheckfailure 10005e10 f   MSVCRTD:gs_report.obj
 0001:00004e20       ___report_securityfailure  10005e20 f   MSVCRTD:gs_report.obj
 0001:00004f30       ___report_securityfailureEx 10005f30 f   MSVCRTD:gs_report.obj
 0001:00005150       ?_RTC_AllocaFailure@@YAXPAXPAU_RTC_ALLOCA_NODE@@H@Z 10006150 f   MSVCRTD:error.obj
 0001:00005270       ?_RTC_Failure@@YAXPAXH@Z   10006270 f   MSVCRTD:error.obj
 0001:000052e0       ?_RTC_StackFailure@@YAXPAXPBD@Z 100062e0 f   MSVCRTD:error.obj
 0001:00005790       __RTC_UninitUse            10006790 f   MSVCRTD:error.obj
 0001:00005870       __vsprintf_s_l             10006870 f i MSVCRTD:error.obj
 0001:000058b0       _sprintf_s                 100068b0 f i MSVCRTD:error.obj
 0001:000058e0       __allmul                   100068e0 f   MSVCRTD:llmul.obj
 0001:00005930       __ftoui3                   10006930 f   MSVCRTD:ftol3.obj
 0001:0000593f       __ftoul3                   1000693f f   MSVCRTD:ftol3.obj
 0001:0000594e       __ftol3                    1000694e f   MSVCRTD:ftol3.obj
 0001:0000595b       __ftol3_NaN                1000695b f   MSVCRTD:ftol3.obj
 0001:00005973       __ftol3_work               10006973 f   MSVCRTD:ftol3.obj
 0001:000059f9       __ftol3_common             100069f9 f   MSVCRTD:ftol3.obj
 0001:00005abb       __ftol3_arg_error          10006abb f   MSVCRTD:ftol3.obj
 0001:00005acd       __ftol3_except             10006acd f   MSVCRTD:ftol3.obj
 0001:00005b11       __dtoui3                   10006b11 f   MSVCRTD:ftol3.obj
 0001:00005b20       __dtoul3                   10006b20 f   MSVCRTD:ftol3.obj
 0001:00005b2f       __dtol3                    10006b2f f   MSVCRTD:ftol3.obj
 0001:00005b3c       __dtol3_NaN                10006b3c f   MSVCRTD:ftol3.obj
 0001:00005b59       __dtol3_work               10006b59 f   MSVCRTD:ftol3.obj
 0001:00005c40       __ultod3                   10006c40 f   MSVCRTD:ftol3.obj
 0001:00005c80       __ltod3                    10006c80 f   MSVCRTD:ftol3.obj
 0001:00006350       __CRT_INIT@12              10007350 f   MSVCRTD:dll_dllmain.obj
 0001:00006370       __DllMainCRTStartup@12     10007370 f   MSVCRTD:dll_dllmain.obj
 0001:000063a0       ?_RTC_GetErrorFunc@@YAP6AHHPBDH00ZZPBX@Z 100073a0 f   MSVCRTD:userapi.obj
 0001:000063b0       ?_RTC_GetErrorFuncW@@YAP6AHHPB_WH00ZZPBX@Z 100073b0 f   MSVCRTD:userapi.obj
 0001:000063c0       __RTC_GetErrDesc           100073c0 f   MSVCRTD:userapi.obj
 0001:000063e0       __RTC_NumErrors            100073e0 f   MSVCRTD:userapi.obj
 0001:000063f0       __RTC_SetErrorFunc         100073f0 f   MSVCRTD:userapi.obj
 0001:00006420       __RTC_SetErrorFuncW        10007420 f   MSVCRTD:userapi.obj
 0001:00006450       __RTC_SetErrorType         10007450 f   MSVCRTD:userapi.obj
 0001:00006a10       ?_RTC_GetSrcLine@@YAHPAEPA_WKPAH1K@Z 10007a10 f   MSVCRTD:pdblkup.obj
 0001:00006e80       __except_handler4_noexcept 10007e80 f   MSVCRTD:chandler4_noexcept.obj
 0001:00006ee0       @_guard_check_icall_nop@4  10007ee0 f i MSVCRTD:guard_support.obj
 0001:00006ef0       _ReadNoFence               10007ef0 f i MSVCRTD:guard_support.obj
 0001:00006f10       _ReadPointerNoFence        10007f10 f i MSVCRTD:guard_support.obj
 0001:00006f30       __guard_icall_checks_enforced 10007f30 f i MSVCRTD:guard_support.obj
 0001:00007000       ___security_init_cookie    10008000 f   MSVCRTD:gs_support.obj
 0001:000070a0       _DllMain@12                100080a0 f   MSVCRTD:dll_dllmain_stub.obj
 0001:000070d0       ?__scrt_initialize_type_info@@YAXXZ 100080d0 f   MSVCRTD:tncleanup.obj
 0001:000070f0       ?__scrt_uninitialize_type_info@@YAXXZ 100080f0 f   MSVCRTD:tncleanup.obj
 0001:00007110       ___local_stdio_scanf_options 10008110 f i MSVCRTD:default_local_stdio_options.obj
 0001:00007120       ___scrt_initialize_default_local_stdio_options 10008120 f   MSVCRTD:default_local_stdio_options.obj
 0001:00007170       ??$__crt_fast_decode_pointer@PAP6AXXZ@@YAPAP6AXXZQAP6AXXZ@Z 10008170 f i MSVCRTD:utility.obj
 0001:000071a0       ??$__crt_fast_encode_pointer@PAP6AXXZ@@YAPAP6AXXZQAP6AXXZ@Z 100081a0 f i MSVCRTD:utility.obj
 0001:000071e0       ?__crt_rotate_pointer_value@@YAIIH@Z 100081e0 f i MSVCRTD:utility.obj
 0001:000071f0       ?configure_argv@__scrt_narrow_argv_policy@@SAHXZ 100081f0 f i MSVCRTD:utility.obj
 0001:000072c0       ?initialize_environment@__scrt_narrow_environment_policy@@SAHXZ 100082c0 f i MSVCRTD:utility.obj
 0001:00007360       _NtCurrentTeb              10008360 f i MSVCRTD:utility.obj
 0001:00007370       ___scrt_acquire_startup_lock 10008370 f   MSVCRTD:utility.obj
 0001:000073d0       ___scrt_dllmain_after_initialize_c 100083d0 f   MSVCRTD:utility.obj
 0001:00007410       ___scrt_dllmain_before_initialize_c 10008410 f   MSVCRTD:utility.obj
 0001:00007440       ___scrt_dllmain_crt_thread_attach 10008440 f   MSVCRTD:utility.obj
 0001:00007480       ___scrt_dllmain_crt_thread_detach 10008480 f   MSVCRTD:utility.obj
 0001:000074a0       ___scrt_dllmain_exception_filter 100084a0 f   MSVCRTD:utility.obj
 0001:00007500       ___scrt_dllmain_uninitialize_c 10008500 f   MSVCRTD:utility.obj
 0001:00007540       ___scrt_dllmain_uninitialize_critical 10008540 f   MSVCRTD:utility.obj
 0001:00007560       ___scrt_initialize_crt     10008560 f   MSVCRTD:utility.obj
 0001:000075c0       ___scrt_initialize_onexit_tables 100085c0 f   MSVCRTD:utility.obj
 0001:000076e0       ___scrt_is_nonwritable_in_current_image 100086e0 f   MSVCRTD:utility.obj
 0001:00007860       ___scrt_release_startup_lock 10008860 f   MSVCRTD:utility.obj
 0001:00007890       ___scrt_uninitialize_crt   10008890 f   MSVCRTD:utility.obj
 0001:000078e0       __onexit                   100088e0 f   MSVCRTD:utility.obj
 0001:00007970       _at_quick_exit             10008970 f   MSVCRTD:utility.obj
 0001:000079d0       _atexit                    100089d0 f   MSVCRTD:utility.obj
 0001:00007a10       ___scrt_get_dyn_tls_init_callback 10008a10 f   MSVCRTD:dyn_tls_init.obj
 0001:00007a20       ___scrt_fastfail           10008a20 f   MSVCRTD:utility_desktop.obj
 0001:00007bb0       ___scrt_get_show_window_mode 10008bb0 f   MSVCRTD:utility_desktop.obj
 0001:00007c00       ___scrt_initialize_mta     10008c00 f   MSVCRTD:utility_desktop.obj
 0001:00007c10       ___scrt_initialize_winrt   10008c10 f   MSVCRTD:utility_desktop.obj
 0001:00007c20       ___scrt_is_managed_app     10008c20 f   MSVCRTD:utility_desktop.obj
 0001:00007cd0       ___scrt_set_unhandled_exception_filter 10008cd0 f   MSVCRTD:utility_desktop.obj
 0001:00007cf0       ___scrt_exe_initialize_mta 10008cf0 f   MSVCRTD:utility_desktop.obj
 0001:00007cf0       ___scrt_stub_for_initialize_mta 10008cf0 f   MSVCRTD:utility_desktop.obj
 0001:00007d00       ___scrt_unhandled_exception_filter@4 10008d00 f   MSVCRTD:utility_desktop.obj
 0001:00007d80       __crt_debugger_hook        10008d80 f   MSVCRTD:utility_desktop.obj
 0001:00007da0       __RTC_Initialize           10008da0 f   MSVCRTD:initsect.obj
 0001:00007de0       __RTC_Terminate            10008de0 f   MSVCRTD:initsect.obj
 0001:00007e20       __except_handler4          10008e20 f   MSVCRTD:chandler4gs.obj
 0001:00007e50       ___isa_available_init      10008e50 f   MSVCRTD:cpu_disp.obj
 0001:000081e0       __get_startup_argv_mode    100091e0 f   MSVCRTD:argv_mode.obj
 0001:000081f0       ___scrt_is_ucrt_dll_in_use 100091f0 f   MSVCRTD:ucrt_detection.obj
 0001:0000821d       _memcpy                    1000921d f   vcruntimed:VCRUNTIME140D.dll
 0001:00008223       ___vcrt_GetModuleFileNameW 10009223 f   vcruntimed:VCRUNTIME140D.dll
 0001:00008229       ___vcrt_GetModuleHandleW   10009229 f   vcruntimed:VCRUNTIME140D.dll
 0001:0000822f       ___vcrt_LoadLibraryExW     1000922f f   vcruntimed:VCRUNTIME140D.dll
 0001:00008235       ___std_type_info_destroy_list 10009235 f   vcruntimed:VCRUNTIME140D.dll
 0001:0000823b       _memset                    1000923b f   vcruntimed:VCRUNTIME140D.dll
 0001:00008241       __except_handler4_common   10009241 f   vcruntimed:VCRUNTIME140D.dll
 0001:00008247       ___stdio_common_vsprintf   10009247 f   ucrtd:ucrtbased.dll
 0001:0000824d       _free                      1000924d f   ucrtd:ucrtbased.dll
 0001:00008253       _malloc                    10009253 f   ucrtd:ucrtbased.dll
 0001:00008259       _strlen                    10009259 f   ucrtd:ucrtbased.dll
 0001:0000825f       _abort                     1000925f f   ucrtd:ucrtbased.dll
 0001:00008265       ___acrt_iob_func           10009265 f   ucrtd:ucrtbased.dll
 0001:0000826b       ___stdio_common_vfprintf   1000926b f   ucrtd:ucrtbased.dll
 0001:00008271       _isprint                   10009271 f   ucrtd:ucrtbased.dll
 0001:00008277       __wassert                  10009277 f   ucrtd:ucrtbased.dll
 0001:0000827d       __errno                    1000927d f   ucrtd:ucrtbased.dll
 0001:00008283       __strtoui64                10009283 f   ucrtd:ucrtbased.dll
 0001:00008289       _strerror                  10009289 f   ucrtd:ucrtbased.dll
 0001:0000828f       __gmtime64                 1000928f f   ucrtd:ucrtbased.dll
 0001:00008295       __localtime64              10009295 f   ucrtd:ucrtbased.dll
 0001:0000829b       __CrtDbgReport             1000929b f   ucrtd:ucrtbased.dll
 0001:000082a1       __CrtDbgReportW            100092a1 f   ucrtd:ucrtbased.dll
 0001:000082a7       _strcpy_s                  100092a7 f   ucrtd:ucrtbased.dll
 0001:000082ad       _strcat_s                  100092ad f   ucrtd:ucrtbased.dll
 0001:000082b3       ___stdio_common_vsprintf_s 100092b3 f   ucrtd:ucrtbased.dll
 0001:000082b9       __except1                  100092b9 f   ucrtd:ucrtbased.dll
 0001:000082bf       __initterm                 100092bf f   ucrtd:ucrtbased.dll
 0001:000082c5       __initterm_e               100092c5 f   ucrtd:ucrtbased.dll
 0001:000082cb       __wmakepath_s              100092cb f   ucrtd:ucrtbased.dll
 0001:000082d1       __wsplitpath_s             100092d1 f   ucrtd:ucrtbased.dll
 0001:000082d7       _wcscpy_s                  100092d7 f   ucrtd:ucrtbased.dll
 0001:000082dd       _terminate                 100092dd f   ucrtd:ucrtbased.dll
 0001:000082e3       __seh_filter_dll           100092e3 f   ucrtd:ucrtbased.dll
 0001:000082e9       __configure_narrow_argv    100092e9 f   ucrtd:ucrtbased.dll
 0001:000082ef       __initialize_narrow_environment 100092ef f   ucrtd:ucrtbased.dll
 0001:000082f5       __initialize_onexit_table  100092f5 f   ucrtd:ucrtbased.dll
 0001:000082fb       __register_onexit_function 100092fb f   ucrtd:ucrtbased.dll
 0001:00008301       __execute_onexit_table     10009301 f   ucrtd:ucrtbased.dll
 0001:00008307       __crt_atexit               10009307 f   ucrtd:ucrtbased.dll
 0001:0000830d       __crt_at_quick_exit        1000930d f   ucrtd:ucrtbased.dll
 0001:00008313       __cexit                    10009313 f   ucrtd:ucrtbased.dll
 0001:00008319       __strdup                   10009319 f   ucrtd:ucrtbased.dll
 0001:0000831f       _UnhandledExceptionFilter@4 1000931f f   kernel32:KERNEL32.dll
 0001:00008325       _SetUnhandledExceptionFilter@4 10009325 f   kernel32:KERNEL32.dll
 0001:0000832b       _GetCurrentProcess@0       1000932b f   kernel32:KERNEL32.dll
 0001:00008331       _TerminateProcess@8        10009331 f   kernel32:KERNEL32.dll
 0001:00008337       _IsProcessorFeaturePresent@4 10009337 f   kernel32:KERNEL32.dll
 0001:0000833d       _IsDebuggerPresent@0       1000933d f   kernel32:KERNEL32.dll
 0001:00008343       _RaiseException@16         10009343 f   kernel32:KERNEL32.dll
 0001:00008349       _MultiByteToWideChar@24    10009349 f   kernel32:KERNEL32.dll
 0001:0000834f       _WideCharToMultiByte@32    1000934f f   kernel32:KERNEL32.dll
 0001:00008355       _GetLastError@0            10009355 f   kernel32:KERNEL32.dll
 0001:0000835b       _HeapAlloc@12              1000935b f   kernel32:KERNEL32.dll
 0001:00008361       _HeapFree@12               10009361 f   kernel32:KERNEL32.dll
 0001:00008367       _GetProcessHeap@0          10009367 f   kernel32:KERNEL32.dll
 0001:0000836d       _VirtualQuery@12           1000936d f   kernel32:KERNEL32.dll
 0001:00008373       _FreeLibrary@4             10009373 f   kernel32:KERNEL32.dll
 0001:00008379       _GetProcAddress@8          10009379 f   kernel32:KERNEL32.dll
 0001:0000837f       _QueryPerformanceCounter@4 1000937f f   kernel32:KERNEL32.dll
 0001:00008385       _GetCurrentProcessId@0     10009385 f   kernel32:KERNEL32.dll
 0001:0000838b       _GetCurrentThreadId@0      1000938b f   kernel32:KERNEL32.dll
 0001:00008391       _DisableThreadLibraryCalls@4 10009391 f   kernel32:KERNEL32.dll
 0001:00008397       _InitializeSListHead@4     10009397 f   kernel32:KERNEL32.dll
 0001:0000839d       _GetStartupInfoW@4         1000939d f   kernel32:KERNEL32.dll
 0001:000083a3       _GetModuleHandleW@4        100093a3 f   kernel32:KERNEL32.dll
 0001:000083b0       ___acrt_initialize         100093b0 f   MSVCRTD:ucrt_stubs.obj
 0001:000083b0       ___scrt_stub_for_acrt_initialize 100093b0 f   MSVCRTD:ucrt_stubs.obj
 0001:000083b0       ___vcrt_initialize         100093b0 f   MSVCRTD:ucrt_stubs.obj
 0001:000083c0       ___vcrt_thread_attach      100093c0 f   MSVCRTD:ucrt_stubs.obj
 0001:000083c0       ___scrt_stub_for_acrt_thread_attach 100093c0 f   MSVCRTD:ucrt_stubs.obj
 0001:000083c0       ___acrt_thread_attach      100093c0 f   MSVCRTD:ucrt_stubs.obj
 0001:000083d0       ___acrt_thread_detach      100093d0 f   MSVCRTD:ucrt_stubs.obj
 0001:000083d0       ___scrt_stub_for_acrt_thread_detach 100093d0 f   MSVCRTD:ucrt_stubs.obj
 0001:000083d0       ___vcrt_thread_detach      100093d0 f   MSVCRTD:ucrt_stubs.obj
 0001:000083e0       ___acrt_uninitialize       100093e0 f   MSVCRTD:ucrt_stubs.obj
 0001:000083e0       ___scrt_stub_for_acrt_uninitialize 100093e0 f   MSVCRTD:ucrt_stubs.obj
 0001:000083e0       ___vcrt_uninitialize       100093e0 f   MSVCRTD:ucrt_stubs.obj
 0001:000083f0       ___vcrt_uninitialize_critical 100093f0 f   MSVCRTD:ucrt_stubs.obj
 0001:000083f0       ___scrt_stub_for_acrt_uninitialize_critical 100093f0 f   MSVCRTD:ucrt_stubs.obj
 0001:000083f0       ___acrt_uninitialize_critical 100093f0 f   MSVCRTD:ucrt_stubs.obj
 0001:00008400       ___scrt_stub_for_is_c_termination_complete 10009400 f   MSVCRTD:ucrt_stubs.obj
 0001:00008400       __is_c_termination_complete 10009400 f   MSVCRTD:ucrt_stubs.obj
 0002:00000000       ___xc_a                    1000b000     MSVCRTD:initializers.obj
 0002:00000104       ___xc_z                    1000b104     MSVCRTD:initializers.obj
 0002:00000208       ___xi_a                    1000b208     MSVCRTD:initializers.obj
 0002:0000030c       ___xi_z                    1000b30c     MSVCRTD:initializers.obj
 0002:00000410       ___xp_a                    1000b410     MSVCRTD:initializers.obj
 0002:00000514       ___xp_z                    1000b514     MSVCRTD:initializers.obj
 0002:00000618       ___xt_a                    1000b618     MSVCRTD:initializers.obj
 0002:0000071c       ___xt_z                    1000b71c     MSVCRTD:initializers.obj
 0002:00000824       ??_C@_0CG@OMLFHLOM@?$FLinsufficient?5memory?5to?5build?5s@ 1000b824     asprintf.obj
 0002:000008a8       ??_C@_02PCIJFNDE@?$AN?6@   1000b8a8     base64.obj
 0002:000008ac       ??_C@_0DD@ONLCHPKD@c?3?2bin?2xmlrpc?9c_1_54_1?2stable?2l@ 1000b8ac     base64.obj
 0002:000008ec       ??_C@_0BJ@FHCACHCF@Incorrect?5Base64?5padding@ 1000b8ec     base64.obj
 0002:0000090c       ??_C@_0BG@MBNONJGA@Malformed?5Base64?5data@ 1000b90c     base64.obj
 0002:0000092c       ??_C@_0CE@JHHIKLHJ@Not?5enough?5memory?5for?5error?5mes@ 1000b92c     error.obj
 0002:00000958       ??_C@_0BJ@NDNDNLMB@?$CFs?3?$CFd?3?5assertion?5failed?6@ 1000b958     error.obj
 0002:00000978       ??_C@_0DC@EDEICPKI@c?3?2bin?2xmlrpc?9c_1_54_1?2stable?2l@ 1000b978     error.obj
 0002:000009b4       ??_C@_06FIJELGDL@?2x?$CF02x@ 1000b9b4     make_printable.obj
 0002:000009bc       ??_C@_02LKFOMHMK@?20@      1000b9bc     make_printable.obj
 0002:000009c4       ??_C@_0DF@EJHMADCH@c?3?2bin?2xmlrpc?9c_1_54_1?2stable?2l@ 1000b9c4     memblock.obj
 0002:00000a04       ??_C@_0CH@OFNAMHJD@Can?8t?5allocate?5memory?5block?5des@ 1000ba04     memblock.obj
 0002:00000a34       ??_C@_0CE@KFAOOCGG@Can?8t?5allocate?5?$CFu?9byte?5memory?5b@ 1000ba34     memblock.obj
 0002:00000a60       ??_C@_0DC@HGJALCAE@Failed?5to?5allocate?5?$CFu?5bytes?5of?5@ 1000ba60     memblock.obj
 0002:00000aa0       ??_C@_1GK@EBPFEOMB@?$AAc?$AA?3?$AA?2?$AAb?$AAi?$AAn?$AA?2?$AAx?$AAm?$AAl?$AAr?$AAp?$AAc?$AA?9?$AAc@ 1000baa0     memblock.obj
 0002:00000b20       ??_C@_1DG@PJFCOIKF@?$AAs?$AAi?$AAz?$AAe?$AAT?$AAo?$AAC?$AAo?$AAp?$AAy?$AA?5?$AA?$DM?$AA?$DN?$AA?5?$AAn@ 1000bb20     memblock.obj
 0002:00000b60       ??_C@_0DE@NMMPMLHI@c?3?2bin?2xmlrpc?9c_1_54_1?2stable?2l@ 1000bb60     mempool.obj
 0002:00000ba0       ??_C@_0CG@CCAOBFBK@Can?8t?5allocate?5memory?5pool?5desc@ 1000bba0     mempool.obj
 0002:00000bd0       ??_C@_0DO@MMFKOEJF@Memory?5pool?5is?5out?5of?5memory?4?5?5@ 1000bbd0     mempool.obj
 0002:00000c20       ??_C@_0EP@NIIEAMHN@Number?5cannot?5be?5represented?5in@ 1000bc20     string_number.obj
 0002:00000c80       ??_C@_0DG@LCBAMHHM@unexpected?5error?3?5strtoll?$CI?$CJ?5fai@ 1000bc80     string_number.obj
 0002:00000cc0       ??_C@_0CC@EKFGOLBO@contains?5non?9numerical?5junk?3?5?8?$CF@ 1000bcc0     string_number.obj
 0002:00000d28       ??_C@_1GC@MGACFBC@?$AAc?$AA?3?$AA?2?$AAb?$AAi?$AAn?$AA?2?$AAx?$AAm?$AAl?$AAr?$AAp?$AAc?$AA?9?$AAc@ 1000bd28     time.obj
 0002:00000da0       ??_C@_19LCHEECJC@?$AAt?$AAo?$AAd?$AAP@ 1000bda0     time.obj
 0002:00000db0       ??_C@_0EC@NGLOLAPA@Invalid?5time?5specification?$DL?5a?5m@ 1000bdb0     time.obj
 0002:00000e00       __real@41cdcd6500000000    1000be00     time.obj
 0002:00000e30       ??_C@_0FK@EICDPHOK@UTF?98?5multibyte?5sequence?5contai@ 1000be30     utf8.obj
 0002:00000ea0       ??_C@_0KC@MPFDOBGM@Xmlrpc?9c?5is?5not?5capable?5of?5hand@ 1000bea0     utf8.obj
 0002:00000f68       ??_C@_0EG@FNBIIPPC@UTF?916?5surrogates?5may?5not?5appea@ 1000bf68     utf8.obj
 0002:00000fc0       ??_C@_1GC@DFBLDFJG@?$AAc?$AA?3?$AA?2?$AAb?$AAi?$AAn?$AA?2?$AAx?$AAm?$AAl?$AAr?$AAp?$AAc?$AA?9?$AAc@ 1000bfc0     utf8.obj
 0002:00001038       ??_C@_1CG@HCKIFDDC@?$AAu?$AAt?$AAf?$AA8?$AA_?$AAs?$AAe?$AAq?$AA?$FL?$AA0?$AA?$FN?$AA?5?$AA?$CG?$AA?5?$AA0@ 1000c038     utf8.obj
 0002:00001068       ??_C@_0FK@NMIPMNJH@UTF?98?5string?5contains?5a?5charact@ 1000c068     utf8.obj
 0002:000010d4       ??_C@_0DE@KGPALEMC@Internal?5error?3?5Impossible?5UTF?9@ 1000c0d4     utf8.obj
 0002:00001114       ??_C@_0CE@MLNMJCDE@Overlong?5UTF?98?5sequence?5not?5all@ 1000c114     utf8.obj
 0002:00001140       ??_C@_0DB@KHDBGNJM@c?3?2bin?2xmlrpc?9c_1_54_1?2stable?2l@ 1000c140     utf8.obj
 0002:0000117c       ??_C@_0CN@OOOPDPPA@Unrecognized?5UTF?98?5initial?5byte@ 1000c17c     utf8.obj
 0002:000011b8       ??_C@_0FO@JCHLKAK@Invalid?5UTF?98?5sequence?5indicate@ 1000c1b8     utf8.obj
 0002:00001228       ??_C@_0CO@OLGFJHHM@Don?8t?5know?5how?5to?5encode?5UCS?94?5@ 1000c228     utf8.obj
 0002:00001260       ??_C@_0DJ@GIFAAKMN@?$CFI64d?9byte?5supposed?5UTF?98?5strin@ 1000c260     utf8.obj
 0002:00001370       ??_C@_0NN@NGPKDKPD@The?5value?5of?5ESP?5was?5not?5proper@ 1000c370     MSVCRTD:error.obj
 0002:00001480       ??_C@_0BBN@GPMLNJCF@A?5cast?5to?5a?5smaller?5data?5type?5h@ 1000c480     MSVCRTD:error.obj
 0002:000015d8       ??_C@_0BN@FFOINMNJ@Stack?5memory?5was?5corrupted?6?$AN@ 1000c5d8     MSVCRTD:error.obj
 0002:000015fc       ??_C@_0DG@HKJMLLLP@A?5local?5variable?5was?5used?5befor@ 1000c5fc     MSVCRTD:error.obj
 0002:0000163c       ??_C@_0CM@NGINOKPC@Stack?5memory?5around?5_alloca?5was@ 1000c63c     MSVCRTD:error.obj
 0002:00001670       ??_C@_0BO@GNIAFIKK@Unknown?5Runtime?5Check?5Error?6?$AN@ 1000c670     MSVCRTD:error.obj
 0002:00001698       ??_C@_1GM@OLMCBDMB@?$AAR?$AAu?$AAn?$AAt?$AAi?$AAm?$AAe?$AA?5?$AAC?$AAh?$AAe?$AAc?$AAk?$AA?5?$AAE@ 1000c698     MSVCRTD:error.obj
 0002:00001720       ??_C@_1EA@NFKNIFJP@?$AAR?$AAu?$AAn?$AA?9?$AAT?$AAi?$AAm?$AAe?$AA?5?$AAC?$AAh?$AAe?$AAc?$AAk?$AA?5@ 1000c720     MSVCRTD:error.obj
 0002:0000176c       ??_C@_0BB@PFFGGCJP@Unknown?5Filename@ 1000c76c     MSVCRTD:error.obj
 0002:00001780       ??_C@_0BE@GNBOBNCK@Unknown?5Module?5Name@ 1000c780     MSVCRTD:error.obj
 0002:00001798       ??_C@_0CA@IODNCDPG@Run?9Time?5Check?5Failure?5?$CD?$CFd?5?9?5?$CFs@ 1000c798     MSVCRTD:error.obj
 0002:000017c0       ??_C@_0CG@IAFNJNEE@Stack?5corrupted?5near?5unknown?5va@ 1000c7c0     MSVCRTD:error.obj
 0002:000017f0       ??_C@_05MKKEDADM@?$CF?42X?5@ 1000c7f0     MSVCRTD:error.obj
 0002:000017f8       ??_C@_0EJ@LJKNEOLN@Stack?5area?5around?5_alloca?5memor@ 1000c7f8     MSVCRTD:error.obj
 0002:00001850       ??_C@_01EEMJAFIK@?6@       1000c850     MSVCRTD:error.obj
 0002:00001854       ??_C@_02LLMPMKNF@?$DO?5@   1000c854     MSVCRTD:error.obj
 0002:00001858       ??_C@_08OMAHNMHJ@?6Data?3?5?$DM@ 1000c858     MSVCRTD:error.obj
 0002:00001864       ??_C@_0CK@DKGBICFE@?6Allocation?5number?5within?5this?5@ 1000c864     MSVCRTD:error.obj
 0002:00001898       ??_C@_07DFDJCKFN@?6Size?3?5@ 1000c898     MSVCRTD:error.obj
 0002:000018a4       ??_C@_0N@MHFFIMFG@?6Address?3?50x@ 1000c8a4     MSVCRTD:error.obj
 0002:000018b8       ??_C@_0EI@CLEPFNGI@Stack?5area?5around?5_alloca?5memor@ 1000c8b8     MSVCRTD:error.obj
 0002:00001910       ??_C@_0BK@ODNDAGKB@?$CFs?$CFs?$CFp?$CFs?$CFzd?$CFs?$CFd?$CFs?$CFs?$CFs?$CFs?$CFs@ 1000c910     MSVCRTD:error.obj
 0002:00001930       ??_C@_0DE@OHJBPMBP@A?5variable?5is?5being?5used?5withou@ 1000c930     MSVCRTD:error.obj
 0002:00001a0c       __pDefaultRawDllMain       1000ca0c     MSVCRTD:dll_dllmain.obj
 0002:00001a0c       __pRawDllMain              1000ca0c     MSVCRTD:dll_dllmain.obj
 0002:00001a28       ??_C@_0BJ@HEGAHDFO@Stack?5pointer?5corruption@ 1000ca28     MSVCRTD:userapi.obj
 0002:00001a48       ??_C@_0CK@FEGOIOPB@Cast?5to?5smaller?5type?5causing?5lo@ 1000ca48     MSVCRTD:userapi.obj
 0002:00001a7c       ??_C@_0BI@CIGMDCBH@Stack?5memory?5corruption@ 1000ca7c     MSVCRTD:userapi.obj
 0002:00001a98       ??_C@_0CK@CNLNOEPB@Local?5variable?5used?5before?5init@ 1000ca98     MSVCRTD:userapi.obj
 0002:00001acc       ??_C@_0BP@OGBCLIBO@Stack?5around?5_alloca?5corrupted@ 1000cacc     MSVCRTD:userapi.obj
 0002:00001b50       ??_C@_1EI@MLPKHBGE@?$AAa?$AAp?$AAi?$AA?9?$AAm?$AAs?$AA?9?$AAw?$AAi?$AAn?$AA?9?$AAc?$AAo?$AAr?$AAe@ 1000cb50     MSVCRTD:pdblkup.obj
 0002:00001ba8       ??_C@_1BK@JHLNAEJL@?$AAa?$AAd?$AAv?$AAa?$AAp?$AAi?$AA3?$AA2?$AA?4?$AAd?$AAl?$AAl@ 1000cba8     MSVCRTD:pdblkup.obj
 0002:00001bc8       ??_C@_0O@COHOBMLB@RegOpenKeyExW@ 1000cbc8     MSVCRTD:pdblkup.obj
 0002:00001bd8       ??_C@_0BB@GLNAEDBD@RegQueryValueExW@ 1000cbd8     MSVCRTD:pdblkup.obj
 0002:00001bec       ??_C@_0M@HLOHPNFA@RegCloseKey@ 1000cbec     MSVCRTD:pdblkup.obj
 0002:00001c00       ??_C@_1HE@EBEAGLFB@?$AAS?$AAO?$AAF?$AAT?$AAW?$AAA?$AAR?$AAE?$AA?2?$AAW?$AAo?$AAw?$AA6?$AA4?$AA3@ 1000cc00     MSVCRTD:pdblkup.obj
 0002:00001c8c       ??_C@_1BG@EABPBLLF@?$AAP?$AAr?$AAo?$AAd?$AAu?$AAc?$AAt?$AAD?$AAi?$AAr@ 1000cc8c     MSVCRTD:pdblkup.obj
 0002:00001ccc       ??_C@_1BC@JINFINNJ@?$AAM?$AAS?$AAP?$AAD?$AAB?$AA1?$AA4?$AA0@ 1000cccc     MSVCRTD:pdblkup.obj
 0002:00001ce4       ??_C@_0BB@KCIACLNC@PDBOpenValidate5@ 1000cce4     MSVCRTD:pdblkup.obj
 0002:00001cf8       ??_C@_01KDCPPGHE@r@        1000ccf8     MSVCRTD:pdblkup.obj
 0002:00001d38       __load_config_used         1000cd38     MSVCRTD:loadcfg.obj
 0002:00001f50       ___safe_se_handler_table   1000cf50     <linker-defined>
 0002:000021e8       ___rtc_iaa                 1000d1e8     MSVCRTD:initsect.obj
 0002:0000242c       ___rtc_izz                 1000d42c     MSVCRTD:initsect.obj
 0002:00002530       ___rtc_taa                 1000d530     MSVCRTD:initsect.obj
 0002:00002774       ___rtc_tzz                 1000d774     MSVCRTD:initsect.obj
 0003:000000e8       ?__LINE__Var@?0??xmlrpc_base64_decode@@9@9 1000f0e8     base64.obj
 0003:000000ec       ?__LINE__Var@?0??xmlrpc_env_init@@9@9 1000f0ec     error.obj
 0003:000000f0       ?__LINE__Var@?0??xmlrpc_env_clean@@9@9 1000f0f0     error.obj
 0003:000000f4       ?__LINE__Var@?0??xmlrpc_env_set_fault@@9@9 1000f0f4     error.obj
 0003:000000f8       ?__LINE__Var@?0??xmlrpc_env_set_fault_formatted@@9@9 1000f0f8     error.obj
 0003:000000fc       ?__LINE__Var@?0??xmlrpc_faultf@@9@9 1000f0fc     error.obj
 0003:00000100       ?__LINE__Var@?0??xmlrpc_mem_block_new_pool@@9@9 1000f100     memblock.obj
 0003:00000104       ?__LINE__Var@?0??xmlrpc_mem_block_free@@9@9 1000f104     memblock.obj
 0003:00000108       ?__LINE__Var@?0??xmlrpc_mem_block_size@@9@9 1000f108     memblock.obj
 0003:0000010c       ?__LINE__Var@?0??xmlrpc_mem_block_contents@@9@9 1000f10c     memblock.obj
 0003:00000110       ?__LINE__Var@?0??xmlrpc_mem_block_resize@@9@9 1000f110     memblock.obj
 0003:00000114       ?__LINE__Var@?0??xmlrpc_mem_block_append@@9@9 1000f114     memblock.obj
 0003:00000118       ?__LINE__Var@?0??xmlrpc_mem_pool_new@@9@9 1000f118     mempool.obj
 0003:0000011c       ?__LINE__Var@?0??xmlrpc_mem_pool_free@@9@9 1000f11c     mempool.obj
 0003:00000120       ?__LINE__Var@?0??xmlrpc_mem_pool_alloc@@9@9 1000f120     mempool.obj
 0003:00000124       ?__LINE__Var@?0??xmlrpc_mem_pool_release@@9@9 1000f124     mempool.obj
 0003:00000128       ?__LINE__Var@?0??xmlrpc_gettimeofday@@9@9 1000f128     time.obj
 0003:00000264       ?__LINE__Var@?0??decodeMultibyte@@9@9 1000f264     utf8.obj
 0003:00000268       ?__LINE__Var@?0??decodeUtf8@@9@9 1000f268     utf8.obj
 0003:0000026c       ?__LINE__Var@?0??xmlrpc_utf8_to_wcs@@9@9 1000f26c     utf8.obj
 0003:00000270       ?__LINE__Var@?0??xmlrpc_wcs_to_utf8@@9@9 1000f270     utf8.obj
 0003:00000274       ___security_cookie_complement 1000f274     MSVCRTD:gs_cookie.obj
 0003:00000278       ___security_cookie         1000f278     MSVCRTD:gs_cookie.obj
 0003:00000280       ?_RTC_ErrorLevels@@3PAHA   1000f280     MSVCRTD:error.obj
 0003:000002a0       __fltused                  1000f2a0     MSVCRTD:fltused.obj
 0003:000002a4       ___scrt_native_dllmain_reason 1000f2a4     MSVCRTD:utility.obj
 0003:000002a8       ___isa_enabled             1000f2a8     MSVCRTD:cpu_disp.obj
 0003:000002ac       ___scrt_ucrt_dll_is_in_use 1000f2ac     MSVCRTD:ucrt_stubs.obj
 0003:00000790       ?_OptionsStorage@?1??__local_stdio_printf_options@@9@4_KA 1000f790     MSVCRTD:error.obj
 0003:000007b8       ?__type_info_root_node@@3U__type_info_node@@A 1000f7b8     MSVCRTD:tncleanup.obj
 0003:000007c8       ?_OptionsStorage@?1??__local_stdio_scanf_options@@9@4_KA 1000f7c8     MSVCRTD:default_local_stdio_options.obj
 0003:000007d4       ___scrt_current_native_startup_state 1000f7d4     MSVCRTD:utility.obj
 0003:000007d8       ___scrt_native_startup_lock 1000f7d8     MSVCRTD:utility.obj
 0003:00000800       ___scrt_debugger_hook_flag 1000f800     MSVCRTD:utility_desktop.obj
 0003:00000804       ___isa_available           1000f804     MSVCRTD:cpu_disp.obj
 0003:00000808       ___favor                   1000f808     MSVCRTD:cpu_disp.obj
 0003:00000810       ?_OptionsStorage@?1??__local_stdio_printf_options@@9@9 1000f810     <common>
 0003:00000824       ___dyn_tls_init_callback   1000f824     <common>
 0004:00000000       __imp__GetModuleHandleW@4  10010000     kernel32:KERNEL32.dll
 0004:00000004       __imp__GetStartupInfoW@4   10010004     kernel32:KERNEL32.dll
 0004:00000008       __imp__InitializeCriticalSection@4 10010008     kernel32:KERNEL32.dll
 0004:0000000c       __imp__EnterCriticalSection@4 1001000c     kernel32:KERNEL32.dll
 0004:00000010       __imp__LeaveCriticalSection@4 10010010     kernel32:KERNEL32.dll
 0004:00000014       __imp__DeleteCriticalSection@4 10010014     kernel32:KERNEL32.dll
 0004:00000018       __imp__SleepEx@8           10010018     kernel32:KERNEL32.dll
 0004:0000001c       __imp__GetSystemTimeAsFileTime@4 1001001c     kernel32:KERNEL32.dll
 0004:00000020       __imp__SetUnhandledExceptionFilter@4 10010020     kernel32:KERNEL32.dll
 0004:00000024       __imp__GetCurrentProcess@0 10010024     kernel32:KERNEL32.dll
 0004:00000028       __imp__TerminateProcess@8  10010028     kernel32:KERNEL32.dll
 0004:0000002c       __imp__IsProcessorFeaturePresent@4 1001002c     kernel32:KERNEL32.dll
 0004:00000030       __imp__IsDebuggerPresent@0 10010030     kernel32:KERNEL32.dll
 0004:00000034       __imp__RaiseException@16   10010034     kernel32:KERNEL32.dll
 0004:00000038       __imp__MultiByteToWideChar@24 10010038     kernel32:KERNEL32.dll
 0004:0000003c       __imp__WideCharToMultiByte@32 1001003c     kernel32:KERNEL32.dll
 0004:00000040       __imp__GetLastError@0      10010040     kernel32:KERNEL32.dll
 0004:00000044       __imp__InitializeSListHead@4 10010044     kernel32:KERNEL32.dll
 0004:00000048       __imp__DisableThreadLibraryCalls@4 10010048     kernel32:KERNEL32.dll
 0004:0000004c       __imp__GetCurrentThreadId@0 1001004c     kernel32:KERNEL32.dll
 0004:00000050       __imp__GetCurrentProcessId@0 10010050     kernel32:KERNEL32.dll
 0004:00000054       __imp__QueryPerformanceCounter@4 10010054     kernel32:KERNEL32.dll
 0004:00000058       __imp__GetProcAddress@8    10010058     kernel32:KERNEL32.dll
 0004:0000005c       __imp__FreeLibrary@4       1001005c     kernel32:KERNEL32.dll
 0004:00000060       __imp__VirtualQuery@12     10010060     kernel32:KERNEL32.dll
 0004:00000064       __imp__GetProcessHeap@0    10010064     kernel32:KERNEL32.dll
 0004:00000068       __imp__HeapFree@12         10010068     kernel32:KERNEL32.dll
 0004:0000006c       __imp__HeapAlloc@12        1001006c     kernel32:KERNEL32.dll
 0004:00000070       __imp__UnhandledExceptionFilter@4 10010070     kernel32:KERNEL32.dll
 0004:00000074       \177KERNEL32_NULL_THUNK_DATA 10010074     kernel32:KERNEL32.dll
 0004:000000b4       __imp____std_type_info_destroy_list 100100b4     vcruntimed:VCRUNTIME140D.dll
 0004:000000b8       __imp___except_handler4_common 100100b8     vcruntimed:VCRUNTIME140D.dll
 0004:000000bc       __imp____vcrt_GetModuleHandleW 100100bc     vcruntimed:VCRUNTIME140D.dll
 0004:000000c0       __imp____vcrt_GetModuleFileNameW 100100c0     vcruntimed:VCRUNTIME140D.dll
 0004:000000c4       __imp__memcpy              100100c4     vcruntimed:VCRUNTIME140D.dll
 0004:000000c8       __imp____vcrt_LoadLibraryExW 100100c8     vcruntimed:VCRUNTIME140D.dll
 0004:000000cc       __imp__memset              100100cc     vcruntimed:VCRUNTIME140D.dll
 0004:000000d0       \177VCRUNTIME140D_NULL_THUNK_DATA 100100d0     vcruntimed:VCRUNTIME140D.dll
 0004:00000100       __imp__select@20           10010100     ws2_32:WS2_32.dll
 0004:00000104       \177WS2_32_NULL_THUNK_DATA 10010104     ws2_32:WS2_32.dll
 0004:00000130       __imp___wsplitpath_s       10010130     ucrtd:ucrtbased.dll
 0004:00000134       __imp__wcscpy_s            10010134     ucrtd:ucrtbased.dll
 0004:00000138       __imp__terminate           10010138     ucrtd:ucrtbased.dll
 0004:0000013c       __imp___seh_filter_dll     1001013c     ucrtd:ucrtbased.dll
 0004:00000140       __imp___configure_narrow_argv 10010140     ucrtd:ucrtbased.dll
 0004:00000144       __imp___initialize_narrow_environment 10010144     ucrtd:ucrtbased.dll
 0004:00000148       __imp___initialize_onexit_table 10010148     ucrtd:ucrtbased.dll
 0004:0000014c       __imp___register_onexit_function 1001014c     ucrtd:ucrtbased.dll
 0004:00000150       __imp___execute_onexit_table 10010150     ucrtd:ucrtbased.dll
 0004:00000154       __imp___crt_atexit         10010154     ucrtd:ucrtbased.dll
 0004:00000158       __imp___crt_at_quick_exit  10010158     ucrtd:ucrtbased.dll
 0004:0000015c       __imp___cexit              1001015c     ucrtd:ucrtbased.dll
 0004:00000160       __imp___strdup             10010160     ucrtd:ucrtbased.dll
 0004:00000160       __imp__strdup              10010160     ucrtd:ucrtbased.dll
 0004:00000164       __imp___wmakepath_s        10010164     ucrtd:ucrtbased.dll
 0004:00000168       __imp___initterm           10010168     ucrtd:ucrtbased.dll
 0004:0000016c       __imp___except1            1001016c     ucrtd:ucrtbased.dll
 0004:00000170       __imp____stdio_common_vsprintf_s 10010170     ucrtd:ucrtbased.dll
 0004:00000174       __imp__strcat_s            10010174     ucrtd:ucrtbased.dll
 0004:00000178       __imp__strcpy_s            10010178     ucrtd:ucrtbased.dll
 0004:0000017c       __imp___CrtDbgReportW      1001017c     ucrtd:ucrtbased.dll
 0004:00000180       __imp___CrtDbgReport       10010180     ucrtd:ucrtbased.dll
 0004:00000184       __imp___localtime64        10010184     ucrtd:ucrtbased.dll
 0004:00000188       __imp___gmtime64           10010188     ucrtd:ucrtbased.dll
 0004:0000018c       __imp__strerror            1001018c     ucrtd:ucrtbased.dll
 0004:00000190       __imp___strtoui64          10010190     ucrtd:ucrtbased.dll
 0004:00000194       __imp___errno              10010194     ucrtd:ucrtbased.dll
 0004:00000198       __imp___wassert            10010198     ucrtd:ucrtbased.dll
 0004:0000019c       __imp__isprint             1001019c     ucrtd:ucrtbased.dll
 0004:000001a0       __imp____stdio_common_vfprintf 100101a0     ucrtd:ucrtbased.dll
 0004:000001a4       __imp____acrt_iob_func     100101a4     ucrtd:ucrtbased.dll
 0004:000001a8       __imp__abort               100101a8     ucrtd:ucrtbased.dll
 0004:000001ac       __imp__strlen              100101ac     ucrtd:ucrtbased.dll
 0004:000001b0       __imp__malloc              100101b0     ucrtd:ucrtbased.dll
 0004:000001b4       __imp__free                100101b4     ucrtd:ucrtbased.dll
 0004:000001b8       __imp____stdio_common_vsprintf 100101b8     ucrtd:ucrtbased.dll
 0004:000001bc       __imp___initterm_e         100101bc     ucrtd:ucrtbased.dll
 0004:000001c0       \177ucrtbased_NULL_THUNK_DATA 100101c0     ucrtd:ucrtbased.dll
 0004:00000208       __IMPORT_DESCRIPTOR_WS2_32 10010208     ws2_32:WS2_32.dll
 0004:0000021c       __IMPORT_DESCRIPTOR_KERNEL32 1001021c     kernel32:KERNEL32.dll
 0004:00000230       __IMPORT_DESCRIPTOR_VCRUNTIME140D 10010230     vcruntimed:VCRUNTIME140D.dll
 0004:00000244       __IMPORT_DESCRIPTOR_ucrtbased 10010244     ucrtd:ucrtbased.dll
 0004:00000258       __NULL_IMPORT_DESCRIPTOR   10010258     ws2_32:WS2_32.dll
 0005:00000000       ___guard_check_icall_fptr  10011000     MSVCRTD:guard_support.obj

 entry point at        0001:000001d1

 Static symbols

 0000:fffed000       .debug$S                   10000000     ucrtd:ucrtbased.dll
 0000:fffed000       .debug$S                   10000000     vcruntimed:VCRUNTIME140D.dll
 0000:fffed000       .debug$S                   10000000     vcruntimed:VCRUNTIME140D.dll
 0000:fffed000       .debug$S                   10000000     vcruntimed:VCRUNTIME140D.dll
 0000:fffed000       .debug$S                   10000000     vcruntimed:VCRUNTIME140D.dll
 0000:fffed000       .debug$S                   10000000     vcruntimed:VCRUNTIME140D.dll
 0000:fffed000       .debug$S                   10000000     vcruntimed:VCRUNTIME140D.dll
 0000:fffed000       .debug$S                   10000000     vcruntimed:VCRUNTIME140D.dll
 0000:fffed000       .debug$S                   10000000     ucrtd:ucrtbased.dll
 0000:fffed000       .debug$S                   10000000     ucrtd:ucrtbased.dll
 0000:fffed000       .debug$S                   10000000     ucrtd:ucrtbased.dll
 0000:fffed000       .debug$S                   10000000     ws2_32:WS2_32.dll
 0000:fffed000       .debug$S                   10000000     ucrtd:ucrtbased.dll
 0000:fffed000       .debug$S                   10000000     ucrtd:ucrtbased.dll
 0000:fffed000       .debug$S                   10000000     ucrtd:ucrtbased.dll
 0000:fffed000       .debug$S                   10000000     ucrtd:ucrtbased.dll
 0000:fffed000       .debug$S                   10000000     kernel32:KERNEL32.dll
 0000:fffed000       .debug$S                   10000000     kernel32:KERNEL32.dll
 0000:fffed000       .debug$S                   10000000     kernel32:KERNEL32.dll
 0000:fffed000       .debug$S                   10000000     ucrtd:ucrtbased.dll
 0000:fffed000       .debug$S                   10000000     ucrtd:ucrtbased.dll
 0000:fffed000       .debug$S                   10000000     ucrtd:ucrtbased.dll
 0000:fffed000       .debug$S                   10000000     kernel32:KERNEL32.dll
 0000:fffed000       .debug$S                   10000000     kernel32:KERNEL32.dll
 0000:fffed000       .debug$S                   10000000     kernel32:KERNEL32.dll
 0000:fffef000       __guard_fids___CRT_RTC_INIT 10000000     MSVCRTD:init.obj
 0000:fffed000       .debug$S                   10000000     ucrtd:ucrtbased.dll
 0000:fffed000       .debug$S                   10000000     ucrtd:ucrtbased.dll
 0000:fffed000       .debug$S                   10000000     ucrtd:ucrtbased.dll
 0000:fffef000       __guard_fids___CRT_RTC_INITW 10000000     MSVCRTD:init.obj
 0000:fffef000       __guard_fids_?dllmain_dispatch@@YAHQAUHINSTANCE__@@KQAX@Z 10000000     MSVCRTD:dll_dllmain.obj
 0000:fffed000       .debug$S                   10000000     ucrtd:ucrtbased.dll
 0000:fffed000       .debug$S                   10000000     ucrtd:ucrtbased.dll
 0000:fffed000       .debug$S                   10000000     ucrtd:ucrtbased.dll
 0000:fffed000       .debug$S                   10000000     ucrtd:ucrtbased.dll
 0000:fffed000       .debug$S                   10000000     ucrtd:ucrtbased.dll
 0000:fffed000       .debug$S                   10000000     ucrtd:ucrtbased.dll
 0000:fffed000       .debug$S                   10000000     ucrtd:ucrtbased.dll
 0000:fffed000       .debug$S                   10000000     ucrtd:ucrtbased.dll
 0000:fffed000       .debug$S                   10000000     ucrtd:ucrtbased.dll
 0000:fffed000       .debug$S                   10000000     ucrtd:ucrtbased.dll
 0000:fffed000       .debug$S                   10000000     ucrtd:ucrtbased.dll
 0000:fffed000       .debug$S                   10000000     ucrtd:ucrtbased.dll
 0000:fffef000       __guard_fids__             10000000     MSVCRTD:guard_support.obj
 0000:fffed000       .debug$S                   10000000     ucrtd:ucrtbased.dll
 0000:fffed000       .debug$S                   10000000     ucrtd:ucrtbased.dll
 0000:fffed000       .debug$S                   10000000     ucrtd:ucrtbased.dll
 0000:fffef000       __guard_fids___guard_icall_checks_enforced 10000000     MSVCRTD:guard_support.obj
 0000:fffed000       .debug$S                   10000000     ucrtd:ucrtbased.dll
 0000:fffed000       .debug$S                   10000000     ucrtd:ucrtbased.dll
 0000:fffef000       __guard_fids____scrt_set_unhandled_exception_filter 10000000     MSVCRTD:utility_desktop.obj
 0000:fffed000       .debug$S                   10000000     libxmlrpc_util.exp
 0000:fffed000       .debug$S                   10000000     ucrtd:ucrtbased.dll
 0000:fffed000       .debug$S                   10000000     kernel32:KERNEL32.dll
 0000:fffed000       .debug$S                   10000000     kernel32:KERNEL32.dll
 0000:fffed000       .debug$S                   10000000     kernel32:KERNEL32.dll
 0000:fffed000       .debug$S                   10000000     kernel32:KERNEL32.dll
 0000:fffed000       .debug$S                   10000000     kernel32:KERNEL32.dll
 0000:fffed000       .debug$S                   10000000     kernel32:KERNEL32.dll
 0000:fffed000       .debug$S                   10000000     kernel32:KERNEL32.dll
 0000:fffed000       .debug$S                   10000000     kernel32:KERNEL32.dll
 0000:fffed000       .debug$S                   10000000     kernel32:KERNEL32.dll
 0000:fffed000       .debug$S                   10000000     kernel32:KERNEL32.dll
 0000:fffed000       .debug$S                   10000000     kernel32:KERNEL32.dll
 0000:fffed000       .debug$S                   10000000     kernel32:KERNEL32.dll
 0000:fffed000       .debug$S                   10000000     kernel32:KERNEL32.dll
 0000:fffed000       .debug$S                   10000000     kernel32:KERNEL32.dll
 0000:fffed000       .debug$S                   10000000     kernel32:KERNEL32.dll
 0000:fffed000       .debug$S                   10000000     kernel32:KERNEL32.dll
 0000:fffed000       .debug$S                   10000000     kernel32:KERNEL32.dll
 0000:fffed000       .debug$S                   10000000     kernel32:KERNEL32.dll
 0000:fffed000       .debug$S                   10000000     kernel32:KERNEL32.dll
 0000:fffed000       .debug$S                   10000000     kernel32:KERNEL32.dll
 0000:fffed000       .debug$S                   10000000     kernel32:KERNEL32.dll
 0000:fffed000       .debug$S                   10000000     kernel32:KERNEL32.dll
 0000:fffed000       .debug$S                   10000000     kernel32:KERNEL32.dll
 0000:fffed000       .debug$S                   10000000     ucrtd:ucrtbased.dll
 0000:fffed000       .debug$S                   10000000     ucrtd:ucrtbased.dll
 0000:fffed000       .debug$S                   10000000     ucrtd:ucrtbased.dll
 0000:fffed000       .debug$S                   10000000     ucrtd:ucrtbased.dll
 0000:fffef000       __guard_fids___except_handler4 10000000     MSVCRTD:chandler4gs.obj
 0001:000007c0       _newVsnprintf              100017c0 f   asprintf.obj
 0001:00000860       _simpleVasprintf           10001860 f   asprintf.obj
 0001:00000960       $LN13                      10001960     asprintf.obj
 0001:00000968       $LN12                      10001968     asprintf.obj
 0001:00000974       $LN11                      10001974     asprintf.obj
 0001:00000d28       $LN7                       10001d28     asprintf.obj
 0001:00000d30       $LN6                       10001d30     asprintf.obj
 0001:00000d3c       $LN5                       10001d3c     asprintf.obj
 0001:00000d70       _base64Encode              10001d70 f   base64.obj
 0001:00000fe8       $LN30                      10001fe8     base64.obj
 0001:00000ff0       $LN29                      10001ff0     base64.obj
 0001:00000ffc       $LN28                      10001ffc     base64.obj
 0001:00001c48       $LN5                       10002c48     error.obj
 0001:00001c50       $LN4                       10002c50     error.obj
 0001:00001c5c       $LN3                       10002c5c     error.obj
 0001:00001cf0       _acquire                   10002cf0 f   lock_windows.obj
 0001:00001d50       _destroy                   10002d50 f   lock_windows.obj
 0001:00001df0       _release                   10002df0 f   lock_windows.obj
 0001:000020e0       $LN9                       100030e0     make_printable.obj
 0001:000020e8       $LN8                       100030e8     make_printable.obj
 0001:000020f4       $LN7                       100030f4     make_printable.obj
 0001:000023d0       _allocSize                 100033d0 f   memblock.obj
 0001:00002a1d       $LN21                      10003a1d     memblock.obj
 0001:00002a1d       $LN34                      10003a1d     memblock.obj
 0001:00003158       $LN5                       10004158     select.obj
 0001:00003160       $LN4                       10004160     select.obj
 0001:0000316c       $LN3                       1000416c     select.obj
 0001:00003348       $LN11                      10004348     string_number.obj
 0001:00003350       $LN10                      10004350     string_number.obj
 0001:0000335c       $LN9                       1000435c     string_number.obj
 0001:000033c0       _gettimeofdayWindows       100043c0 f   time.obj
 0001:000034a8       $LN6                       100044a8     time.obj
 0001:000034b0       $LN5                       100044b0     time.obj
 0001:000034c8       $LN4                       100044c8     time.obj
 0001:000034cb       $LN3                       100044cb     time.obj
 0001:00003520       _gmtime                    10004520 f   time.obj
 0001:00003580       _isLeapYear                10004580 f   time.obj
 0001:00003610       _localtime                 10004610 f   time.obj
 0001:000039a0       _decodeMultibyte           100049a0 f   utf8.obj
 0001:00003bc0       $LN16                      10004bc0     utf8.obj
 0001:00003c70       _decodeUtf8                10004c70 f   utf8.obj
 0001:00003e90       $LN35                      10004e90     utf8.obj
 0001:00003e98       $LN34                      10004e98     utf8.obj
 0001:00003ea4       $LN33                      10004ea4     utf8.obj
 0001:00003f40       _validateContinuation      10004f40 f   utf8.obj
 0001:00003fc0       _validateUtf16             10004fc0 f   utf8.obj
 0001:000042df       $LN36                      100052df     utf8.obj
 0001:000042df       $LN32                      100052df     utf8.obj
 0001:0000456c       $LN14                      1000556c     utf8.obj
 0001:00004574       $LN13                      10005574     utf8.obj
 0001:00004580       $LN12                      10005580     utf8.obj
 0001:0000466c       $LN6                       1000566c     utf8.obj
 0001:00004674       $LN5                       10005674     utf8.obj
 0001:00004680       $LN4                       10005680     utf8.obj
 0001:000050a0       ?DebuggerProbe@@YA_NK@Z    100060a0 f   MSVCRTD:error.obj
 0001:000050f0       ?DebuggerRuntime@@YA_NKHPAXPB_W@Z 100060f0 f   MSVCRTD:error.obj
 0001:000053c0       ?_getMemBlockDataString@@YAXPAD0PBDI@Z 100063c0 f   MSVCRTD:error.obj
 0001:00005450       ?_strlen_priv@@YAIPBD@Z    10006450 f   MSVCRTD:error.obj
 0001:00005470       ?failwithmessage@@YAXPAXHHPBD@Z 10006470 f   MSVCRTD:error.obj
 0001:000056f0       ?notify_debugger@@YAXABUtagEXCEPTION_VISUALCPP_DEBUG_INFO@@@Z 100066f0 f   MSVCRTD:error.obj
 0001:000058e0       $$000000                   100068e0     MSVCRTD:llmul.obj
 0001:00005930       $$000000                   10006930     MSVCRTD:ftol3.obj
 0001:00005d90       ?dllmain_crt_dispatch@@YGHQAUHINSTANCE__@@KQAX@Z 10006d90 f   MSVCRTD:dll_dllmain.obj
 0001:00005dfc       $LN11                      10006dfc     MSVCRTD:dll_dllmain.obj
 0001:00005e30       ?dllmain_crt_process_attach@@YAHQAUHINSTANCE__@@QAX@Z 10006e30 f   MSVCRTD:dll_dllmain.obj
 0001:00006000       ?dllmain_crt_process_detach@@YAH_N@Z 10007000 f   MSVCRTD:dll_dllmain.obj
 0001:00006110       ?dllmain_dispatch@@YAHQAUHINSTANCE__@@KQAX@Z 10007110 f   MSVCRTD:dll_dllmain.obj
 0001:00006300       ?dllmain_raw@@YGHQAUHINSTANCE__@@KQAX@Z 10007300 f   MSVCRTD:dll_dllmain.obj
 0001:00006480       ?GetPdbDll@@YAPAUHINSTANCE__@@XZ 10007480 f   MSVCRTD:pdblkup.obj
 0001:00006610       ?GetPdbDllFromInstallPath@@YAPAUHINSTANCE__@@XZ 10007610 f   MSVCRTD:pdblkup.obj
 0001:00006900       ?GetPdbDllPathFromFilePath@@YAHPB_WPA_WI@Z 10007900 f   MSVCRTD:pdblkup.obj
 0001:00006f70       ___get_entropy             10007f70 f   MSVCRTD:gs_support.obj
 0001:00007210       ?find_pe_section@@YAPAU_IMAGE_SECTION_HEADER@@QAEI@Z 10008210 f   MSVCRTD:utility.obj
 0001:000072d0       ?is_potentially_valid_image_base@@YA_NQAX@Z 100082d0 f   MSVCRTD:utility.obj
 0002:00000820       _xmlrpc_strsol             1000b820     asprintf.obj
 0002:00000858       _table_b2a_base64          1000b858     base64.obj
 0002:00000928       _default_fault_string      1000b928     error.obj
 0002:000009c0       _tracingMemory             1000b9c0     memblock.obj
 0002:00000ce8       ?monthDaysNonLeap@?3??xmlrpc_timegm@@9@9 1000bce8     time.obj
 0002:00000e0c       _utf8_min_char_for_length  1000be0c     utf8.obj
 0002:000012a4       _GS_ExceptionPointers      1000c2a4     MSVCRTD:gs_report.obj
 0002:000012b0       ?_RTC_ErrorMessages@@3QBQBDB 1000c2b0     MSVCRTD:error.obj
 0002:000012c8       ?_RTC_NoFalsePositives@@3QBHB 1000c2c8     MSVCRTD:error.obj
 0002:000012e0       ?stack_premsg@@3QBDB       1000c2e0     MSVCRTD:error.obj
 0002:000012fc       ?stack_postmsg@@3QBDB      1000c2fc     MSVCRTD:error.obj
 0002:00001310       ?uninit_premsg@@3QBDB      1000c310     MSVCRTD:error.obj
 0002:00001320       ?uninit_postmsg@@3QBDB     1000c320     MSVCRTD:error.obj
 0002:00001970       _Int32ToUInt32             1000c970     MSVCRTD:ftol3.obj
 0002:00001978       _DP2to32                   1000c978     MSVCRTD:ftol3.obj
 0002:00001980       _MantissaMask              1000c980     MSVCRTD:ftol3.obj
 0002:00001988       _IntegerBit                1000c988     MSVCRTD:ftol3.obj
 0002:00001990       _SignBit64                 1000c990     MSVCRTD:ftol3.obj
 0002:00001998       _MinFP64                   1000c998     MSVCRTD:ftol3.obj
 0002:000019a0       _MinInt64                  1000c9a0     MSVCRTD:ftol3.obj
 0002:000019a8       _MaxInt64                  1000c9a8     MSVCRTD:ftol3.obj
 0002:000019b0       _MaxUInt64                 1000c9b0     MSVCRTD:ftol3.obj
 0002:000019b8       _MaxFP32                   1000c9b8     MSVCRTD:ftol3.obj
 0002:000019c0       _MinFP32                   1000c9c0     MSVCRTD:ftol3.obj
 0002:000019c8       _MinSubInexact             1000c9c8     MSVCRTD:ftol3.obj
 0002:000019d0       _FpExcptTable              1000c9d0     MSVCRTD:ftol3.obj
 0002:000019e0       _i1075                     1000c9e0     MSVCRTD:ftol3.obj
 0002:000019e4       _i1087                     1000c9e4     MSVCRTD:ftol3.obj
 0002:000019e8       _x0800                     1000c9e8     MSVCRTD:ftol3.obj
 0002:000019ec       _x17FF                     1000c9ec     MSVCRTD:ftol3.obj
 0002:000019f0       _CWMask                    1000c9f0     MSVCRTD:ftol3.obj
 0002:00001a10       ?_RTC_errlist@@3QBQBDB     1000ca10     MSVCRTD:userapi.obj
 0002:00001af4       ?mspdbName@@3QB_WB         1000caf4     MSVCRTD:pdblkup.obj
 0002:00001b18       ?debugCrtFileName@@3QB_WB  1000cb18     MSVCRTD:pdblkup.obj
 0002:00001ca8       ?dllExt@?1??GetPdbDllPathFromFilePath@@YAHPB_WPA_WI@Z@4QB_WB 1000cca8     MSVCRTD:pdblkup.obj
 0002:00001cb4       ?mspdbFilename@?1??GetPdbDllPathFromFilePath@@YAHPB_WPA_WI@Z@4QB_WB 1000ccb4     MSVCRTD:pdblkup.obj
 0002:000022ec       __RTC_InitBase.rtc$IMZ     1000d2ec     asprintf.obj
 0002:000022f0       __RTC_InitBase.rtc$IMZ     1000d2f0     base64.obj
 0002:000022f4       __RTC_InitBase.rtc$IMZ     1000d2f4     error.obj
 0002:000022f8       __RTC_InitBase.rtc$IMZ     1000d2f8     lock_platform.obj
 0002:000022fc       __RTC_InitBase.rtc$IMZ     1000d2fc     lock_windows.obj
 0002:00002300       __RTC_InitBase.rtc$IMZ     1000d300     make_printable.obj
 0002:00002304       __RTC_InitBase.rtc$IMZ     1000d304     memblock.obj
 0002:00002308       __RTC_InitBase.rtc$IMZ     1000d308     mempool.obj
 0002:0000230c       __RTC_InitBase.rtc$IMZ     1000d30c     select.obj
 0002:00002310       __RTC_InitBase.rtc$IMZ     1000d310     sleep.obj
 0002:00002314       __RTC_InitBase.rtc$IMZ     1000d314     string_number.obj
 0002:00002318       __RTC_InitBase.rtc$IMZ     1000d318     time.obj
 0002:0000231c       __RTC_InitBase.rtc$IMZ     1000d31c     utf8.obj
 0002:00002634       __RTC_Shutdown.rtc$TMZ     1000d634     asprintf.obj
 0002:00002638       __RTC_Shutdown.rtc$TMZ     1000d638     base64.obj
 0002:0000263c       __RTC_Shutdown.rtc$TMZ     1000d63c     error.obj
 0002:00002640       __RTC_Shutdown.rtc$TMZ     1000d640     lock_platform.obj
 0002:00002644       __RTC_Shutdown.rtc$TMZ     1000d644     lock_windows.obj
 0002:00002648       __RTC_Shutdown.rtc$TMZ     1000d648     make_printable.obj
 0002:0000264c       __RTC_Shutdown.rtc$TMZ     1000d64c     memblock.obj
 0002:00002650       __RTC_Shutdown.rtc$TMZ     1000d650     mempool.obj
 0002:00002654       __RTC_Shutdown.rtc$TMZ     1000d654     select.obj
 0002:00002658       __RTC_Shutdown.rtc$TMZ     1000d658     sleep.obj
 0002:0000265c       __RTC_Shutdown.rtc$TMZ     1000d65c     string_number.obj
 0002:00002660       __RTC_Shutdown.rtc$TMZ     1000d660     time.obj
 0002:00002664       __RTC_Shutdown.rtc$TMZ     1000d664     utf8.obj
 0002:00002878       __sehtable$?notify_debugger@@YAXABUtagEXCEPTION_VISUALCPP_DEBUG_INFO@@@Z 1000d878     MSVCRTD:error.obj
 0002:00002898       __sehtable$?dllmain_crt_process_attach@@YAHQAUHINSTANCE__@@QAX@Z 1000d898     MSVCRTD:dll_dllmain.obj
 0002:000028b8       __sehtable$?dllmain_crt_process_detach@@YAH_N@Z 1000d8b8     MSVCRTD:dll_dllmain.obj
 0002:000028d8       __sehtable$?dllmain_dispatch@@YAHQAUHINSTANCE__@@KQAX@Z 1000d8d8     MSVCRTD:dll_dllmain.obj
 0002:000028f8       __sehtable$___scrt_is_nonwritable_in_current_image 1000d8f8     MSVCRTD:utility.obj
 0002:00002a30       .edata                     1000da30     libxmlrpc_util.exp
 0002:00002a58       rgpv                       1000da58     libxmlrpc_util.exp
 0002:00002b14       rgszName                   1000db14     libxmlrpc_util.exp
 0002:00002bd0       rgwOrd                     1000dbd0     libxmlrpc_util.exp
 0002:00002c2e       szName                     1000dc2e     libxmlrpc_util.exp
 0002:00002c41       $N00001                    1000dc41     libxmlrpc_util.exp
 0002:00002c51       $N00002                    1000dc51     libxmlrpc_util.exp
 0002:00002c69       $N00003                    1000dc69     libxmlrpc_util.exp
 0002:00002c7d       $N00004                    1000dc7d     libxmlrpc_util.exp
 0002:00002c92       $N00005                    1000dc92     libxmlrpc_util.exp
 0002:00002ca7       $N00006                    1000dca7     libxmlrpc_util.exp
 0002:00002ccd       $N00007                    1000dccd     libxmlrpc_util.exp
 0002:00002cde       $N00008                    1000dcde     libxmlrpc_util.exp
 0002:00002cee       $N00009                    1000dcee     libxmlrpc_util.exp
 0002:00002d03       $N00010                    1000dd03     libxmlrpc_util.exp
 0002:00002d22       $N00011                    1000dd22     libxmlrpc_util.exp
 0002:00002d30       $N00012                    1000dd30     libxmlrpc_util.exp
 0002:00002d45       $N00013                    1000dd45     libxmlrpc_util.exp
 0002:00002d5f       $N00014                    1000dd5f     libxmlrpc_util.exp
 0002:00002d73       $N00015                    1000dd73     libxmlrpc_util.exp
 0002:00002d81       $N00016                    1000dd81     libxmlrpc_util.exp
 0002:00002d92       $N00017                    1000dd92     libxmlrpc_util.exp
 0002:00002da5       $N00018                    1000dda5     libxmlrpc_util.exp
 0002:00002dc0       $N00019                    1000ddc0     libxmlrpc_util.exp
 0002:00002dd5       $N00020                    1000ddd5     libxmlrpc_util.exp
 0002:00002dee       $N00021                    1000ddee     libxmlrpc_util.exp
 0002:00002e06       $N00022                    1000de06     libxmlrpc_util.exp
 0002:00002e1e       $N00023                    1000de1e     libxmlrpc_util.exp
 0002:00002e38       $N00024                    1000de38     libxmlrpc_util.exp
 0002:00002e4e       $N00025                    1000de4e     libxmlrpc_util.exp
 0002:00002e63       $N00026                    1000de63     libxmlrpc_util.exp
 0002:00002e7d       $N00027                    1000de7d     libxmlrpc_util.exp
 0002:00002e95       $N00028                    1000de95     libxmlrpc_util.exp
 0002:00002eab       $N00029                    1000deab     libxmlrpc_util.exp
 0002:00002ec1       $N00030                    1000dec1     libxmlrpc_util.exp
 0002:00002ed6       $N00031                    1000ded6     libxmlrpc_util.exp
 0002:00002eea       $N00032                    1000deea     libxmlrpc_util.exp
 0002:00002f02       $N00033                    1000df02     libxmlrpc_util.exp
 0002:00002f1b       $N00034                    1000df1b     libxmlrpc_util.exp
 0002:00002f2e       $N00035                    1000df2e     libxmlrpc_util.exp
 0002:00002f3d       $N00036                    1000df3d     libxmlrpc_util.exp
 0002:00002f5a       $N00037                    1000df5a     libxmlrpc_util.exp
 0002:00002f6c       $N00038                    1000df6c     libxmlrpc_util.exp
 0002:00002f7d       $N00039                    1000df7d     libxmlrpc_util.exp
 0002:00002f8c       $N00040                    1000df8c     libxmlrpc_util.exp
 0002:00002f9f       $N00041                    1000df9f     libxmlrpc_util.exp
 0002:00002faf       $N00042                    1000dfaf     libxmlrpc_util.exp
 0002:00002fc2       $N00043                    1000dfc2     libxmlrpc_util.exp
 0002:00002fd0       $N00044                    1000dfd0     libxmlrpc_util.exp
 0002:00002fe3       $N00045                    1000dfe3     libxmlrpc_util.exp
 0002:00002ff8       $N00046                    1000dff8     libxmlrpc_util.exp
 0002:00003009       $N00047                    1000e009     libxmlrpc_util.exp
 0003:00000000       ?tbl@?1??xmlrpc_base64Encode@@9@9 1000f000     base64.obj
 0003:00000040       _table_a2b_base64          1000f040     base64.obj
 0003:00000130       _utf8SeqLength             1000f130     utf8.obj
 0003:000003c8       ?init@?1??_RTC_InitBase@@9@4_NA 1000f3c8     MSVCRTD:init.obj
 0003:000003d0       _GS_ExceptionRecord        1000f3d0     MSVCRTD:gs_report.obj
 0003:00000420       _GS_ContextRecord          1000f420     MSVCRTD:gs_report.obj
 0003:0000079c       ?__proc_attached@@3HA      1000f79c     MSVCRTD:dll_dllmain.obj
 0003:000007a0       ?_RTC_ErrorReportFunc@@3P6AHHPBDH00ZZA 1000f7a0     MSVCRTD:userapi.obj
 0003:000007a4       ?_RTC_ErrorReportFuncW@@3P6AHHPB_WH00ZZA 1000f7a4     MSVCRTD:userapi.obj
 0003:000007ac       ?mspdb@@3PAUHINSTANCE__@@A 1000f7ac     MSVCRTD:pdblkup.obj
 0003:000007b0       ?alreadyTried@?1??GetPdbDll@@YAPAUHINSTANCE__@@XZ@4_NA 1000f7b0     MSVCRTD:pdblkup.obj
 0003:000007b1       ?PDBOK@?1??_RTC_GetSrcLine@@YAHPAEPA_WKPAH1K@Z@4_NA 1000f7b1     MSVCRTD:pdblkup.obj
 0003:000007dc       ?is_initialized_as_dll@@3_NA 1000f7dc     MSVCRTD:utility.obj
 0003:000007dd       ?module_local_atexit_table_initialized@@3_NA 1000f7dd     MSVCRTD:utility.obj
 0003:000007e0       ?module_local_atexit_table@@3U_onexit_table_t@@A 1000f7e0     MSVCRTD:utility.obj
 0003:000007ec       ?module_local_at_quick_exit_table@@3U_onexit_table_t@@A 1000f7ec     MSVCRTD:utility.obj
 0004:00000474       .idata$6                   10010474     ws2_32:WS2_32.dll
 0004:00000508       .idata$6                   10010508     kernel32:KERNEL32.dll
 0004:000005b2       .idata$6                   100105b2     vcruntimed:VCRUNTIME140D.dll
 0004:0000080e       .idata$6                   1001080e     ucrtd:ucrtbased.dll

 Exports

  ordinal    name

        1    _xmlrpc_asprintf
               exported name: xmlrpc_asprintf
        2    _xmlrpc_assertion_failed
               exported name: xmlrpc_assertion_failed
        3    _xmlrpc_base64Encode
               exported name: xmlrpc_base64Encode
        4    _xmlrpc_base64_decode
               exported name: xmlrpc_base64_decode
        5    _xmlrpc_base64_encode
               exported name: xmlrpc_base64_encode
        6    _xmlrpc_base64_encode_without_newlines
               exported name: xmlrpc_base64_encode_without_newlines
        7    _xmlrpc_env_clean
               exported name: xmlrpc_env_clean
        8    _xmlrpc_env_init
               exported name: xmlrpc_env_init
        9    _xmlrpc_env_set_fault
               exported name: xmlrpc_env_set_fault
       10    _xmlrpc_env_set_fault_formatted
               exported name: xmlrpc_env_set_fault_formatted
       11    _xmlrpc_faultf
               exported name: xmlrpc_faultf
       12    _xmlrpc_force_to_utf8
               exported name: xmlrpc_force_to_utf8
       13    _xmlrpc_force_to_xml_chars
               exported name: xmlrpc_force_to_xml_chars
       14    _xmlrpc_gettimeofday
               exported name: xmlrpc_gettimeofday
       15    _xmlrpc_gmtime
               exported name: xmlrpc_gmtime
       16    _xmlrpc_localtime
               exported name: xmlrpc_localtime
       17    _xmlrpc_lock_create
               exported name: xmlrpc_lock_create
       18    _xmlrpc_lock_create_windows
               exported name: xmlrpc_lock_create_windows
       19    _xmlrpc_makePrintable
               exported name: xmlrpc_makePrintable
       20    _xmlrpc_makePrintableChar
               exported name: xmlrpc_makePrintableChar
       21    _xmlrpc_makePrintable_lp
               exported name: xmlrpc_makePrintable_lp
       22    _xmlrpc_mem_block_append
               exported name: xmlrpc_mem_block_append
       23    _xmlrpc_mem_block_contents
               exported name: xmlrpc_mem_block_contents
       24    _xmlrpc_mem_block_free
               exported name: xmlrpc_mem_block_free
       25    _xmlrpc_mem_block_new
               exported name: xmlrpc_mem_block_new
       26    _xmlrpc_mem_block_new_pool
               exported name: xmlrpc_mem_block_new_pool
       27    _xmlrpc_mem_block_resize
               exported name: xmlrpc_mem_block_resize
       28    _xmlrpc_mem_block_size
               exported name: xmlrpc_mem_block_size
       29    _xmlrpc_mem_pool_alloc
               exported name: xmlrpc_mem_pool_alloc
       30    _xmlrpc_mem_pool_free
               exported name: xmlrpc_mem_pool_free
       31    _xmlrpc_mem_pool_new
               exported name: xmlrpc_mem_pool_new
       32    _xmlrpc_mem_pool_release
               exported name: xmlrpc_mem_pool_release
       33    _xmlrpc_millisecond_sleep
               exported name: xmlrpc_millisecond_sleep
       34    _xmlrpc_parse_int64
               exported name: xmlrpc_parse_int64
       35    _xmlrpc_pselect
               exported name: xmlrpc_pselect
       36    _xmlrpc_set_fault_formatted_v
               exported name: xmlrpc_set_fault_formatted_v
       37    _xmlrpc_strdupnull
               exported name: xmlrpc_strdupnull
       38    _xmlrpc_strdupsol
               exported name: xmlrpc_strdupsol
       39    _xmlrpc_strfree
               exported name: xmlrpc_strfree
       40    _xmlrpc_strfreenull
               exported name: xmlrpc_strfreenull
       41    _xmlrpc_strnomem
               exported name: xmlrpc_strnomem
       42    _xmlrpc_strnomemval
               exported name: xmlrpc_strnomemval
       43    _xmlrpc_timegm
               exported name: xmlrpc_timegm
       44    _xmlrpc_utf8_to_wcs
               exported name: xmlrpc_utf8_to_wcs
       45    _xmlrpc_validate_utf8
               exported name: xmlrpc_validate_utf8
       46    _xmlrpc_vasprintf
               exported name: xmlrpc_vasprintf
       47    _xmlrpc_wcs_to_utf8
               exported name: xmlrpc_wcs_to_utf8
