 libxmlrpc_util

 Timestamp is 5db9c8e7 (Wed Oct 30 10:31:19 2019)

 Preferred load address is 0000000180000000

 Start         Length     Name                   Class
 0001:00000000 00004fe0H .text$mn                CODE
 0001:00004fe0 00001016H .text$mn$00             CODE
 0001:00005ff6 000010a1H .text$x                 CODE
 0002:00000000 00000110H .CRT$XCA                DATA
 0002:00000110 00000110H .CRT$XCZ                DATA
 0002:00000220 00000110H .CRT$XIA                DATA
 0002:00000330 00000110H .CRT$XIZ                DATA
 0002:00000440 00000110H .CRT$XPA                DATA
 0002:00000550 00000110H .CRT$XPZ                DATA
 0002:00000660 00000110H .CRT$XTA                DATA
 0002:00000770 00000110H .CRT$XTZ                DATA
 0002:00000880 00000a2cH .rdata                  DATA
 0002:000012ac 0000018cH .rdata$zzzdbg           DATA
 0002:00001438 00000110H .rtc$IAA                DATA
 0002:00001548 00000110H .rtc$IZZ                DATA
 0002:00001658 00000110H .rtc$TAA                DATA
 0002:00001768 00000110H .rtc$TZZ                DATA
 0002:00001878 000009a8H .xdata                  DATA
 0002:00002220 0000081bH .edata                  DATA
 0003:00000000 00000380H .data                   DATA
 0003:00000380 00000761H .bss                    DATA
 0004:00000000 000006e4H .pdata                  DATA
 0005:00000000 000004f0H .idata$5                DATA
 0005:000004f0 000000b4H .idata$2                DATA
 0005:000005a4 00000014H .idata$3                DATA
 0005:000005b8 000004f0H .idata$4                DATA
 0005:00000aa8 0000065aH .idata$6                DATA
 0006:00000000 0000011bH .00cfg                  DATA

  Address         Publics by Value              Rva+Base               Lib:Object

 0000:00000000       __hybrid_code_map          0000000000000000     <absolute>
 0000:00000000       __dynamic_value_reloc_table 0000000000000000     <absolute>
 0000:00000000       __guard_iat_count          0000000000000000     <absolute>
 0000:00000000       ___safe_se_handler_table   0000000000000000     <absolute>
 0000:00000000       __volatile_metadata        0000000000000000     <absolute>
 0000:00000000       __hybrid_code_map_count    0000000000000000     <absolute>
 0000:00000000       __hybrid_auxiliary_iat     0000000000000000     <absolute>
 0000:00000000       __guard_fids_count         0000000000000000     <absolute>
 0000:00000000       ___safe_se_handler_count   0000000000000000     <absolute>
 0000:00000000       __guard_iat_table          0000000000000000     <absolute>
 0000:00000000       __guard_fids_table         0000000000000000     <absolute>
 0000:00000000       __guard_longjmp_count      0000000000000000     <absolute>
 0000:00000000       __guard_longjmp_table      0000000000000000     <absolute>
 0000:00000000       __enclave_config           0000000000000000     <absolute>
 0000:00000100       __guard_flags              0000000000000100     <absolute>
 0000:00000000       __ImageBase                0000000180000000     <linker-defined>
 0001:00000500       __local_stdio_printf_options 0000000180001500 f i asprintf.obj
 0001:00000510       xmlrpc_asprintf            0000000180001510 f   asprintf.obj
 0001:00000540       xmlrpc_strdupnull          0000000180001540 f   asprintf.obj
 0001:00000560       xmlrpc_strdupsol           0000000180001560 f   asprintf.obj
 0001:00000590       xmlrpc_strfree             0000000180001590 f   asprintf.obj
 0001:000005b0       xmlrpc_strfreenull         00000001800015b0 f   asprintf.obj
 0001:000005c0       xmlrpc_strnomem            00000001800015c0 f   asprintf.obj
 0001:000005e0       xmlrpc_strnomemval         00000001800015e0 f   asprintf.obj
 0001:000005f0       xmlrpc_vasprintf           00000001800015f0 f   asprintf.obj
 0001:00000990       xmlrpc_base64Encode        0000000180001990 f   base64.obj
 0001:00000ac0       xmlrpc_base64_decode       0000000180001ac0 f   base64.obj
 0001:00000ca0       xmlrpc_base64_encode       0000000180001ca0 f   base64.obj
 0001:00000cb0       xmlrpc_base64_encode_without_newlines 0000000180001cb0 f   base64.obj
 0001:00000cc0       fprintf                    0000000180001cc0 f i error.obj
 0001:00000d20       xmlrpc_assertion_failed    0000000180001d20 f   error.obj
 0001:00000d70       xmlrpc_env_clean           0000000180001d70 f   error.obj
 0001:00000db0       xmlrpc_env_init            0000000180001db0 f   error.obj
 0001:00000dc0       xmlrpc_env_set_fault       0000000180001dc0 f   error.obj
 0001:00000e60       xmlrpc_env_set_fault_formatted 0000000180001e60 f   error.obj
 0001:00000e90       xmlrpc_faultf              0000000180001e90 f   error.obj
 0001:00000ed0       xmlrpc_set_fault_formatted_v 0000000180001ed0 f   error.obj
 0001:00000f30       xmlrpc_lock_create         0000000180001f30 f   lock_platform.obj
 0001:00000fb0       xmlrpc_lock_create_windows 0000000180001fb0 f   lock_windows.obj
 0001:00001060       _snprintf                  0000000180002060 f i make_printable.obj
 0001:000010e0       xmlrpc_makePrintable       00000001800020e0 f   make_printable.obj
 0001:00001100       xmlrpc_makePrintableChar   0000000180002100 f   make_printable.obj
 0001:00001140       xmlrpc_makePrintable_lp    0000000180002140 f   make_printable.obj
 0001:000012e0       xmlrpc_mem_block_append    00000001800022e0 f   memblock.obj
 0001:00001360       xmlrpc_mem_block_contents  0000000180002360 f   memblock.obj
 0001:00001370       xmlrpc_mem_block_free      0000000180002370 f   memblock.obj
 0001:000013b0       xmlrpc_mem_block_new       00000001800023b0 f   memblock.obj
 0001:000013c0       xmlrpc_mem_block_new_pool  00000001800023c0 f   memblock.obj
 0001:00001500       xmlrpc_mem_block_resize    0000000180002500 f   memblock.obj
 0001:00001610       xmlrpc_mem_block_size      0000000180002610 f   memblock.obj
 0001:00001620       xmlrpc_mem_pool_alloc      0000000180002620 f   mempool.obj
 0001:00001680       xmlrpc_mem_pool_free       0000000180002680 f   mempool.obj
 0001:00001690       xmlrpc_mem_pool_new        0000000180002690 f   mempool.obj
 0001:00001730       xmlrpc_mem_pool_release    0000000180002730 f   mempool.obj
 0001:00001740       xmlrpc_pselect             0000000180002740 f   select.obj
 0001:00001790       xmlrpc_millisecond_sleep   0000000180002790 f   sleep.obj
 0001:000017a0       xmlrpc_parse_int64         00000001800027a0 f   string_number.obj
 0001:000019c0       xmlrpc_gettimeofday        00000001800029c0 f   time.obj
 0001:000019d0       xmlrpc_gmtime              00000001800029d0 f   time.obj
 0001:00001a10       xmlrpc_localtime           0000000180002a10 f   time.obj
 0001:00001a50       xmlrpc_timegm              0000000180002a50 f   time.obj
 0001:00002020       xmlrpc_force_to_utf8       0000000180003020 f   utf8.obj
 0001:00002170       xmlrpc_force_to_xml_chars  0000000180003170 f   utf8.obj
 0001:000021f0       xmlrpc_utf8_to_wcs         00000001800031f0 f   utf8.obj
 0001:000022c0       xmlrpc_validate_utf8       00000001800032c0 f   utf8.obj
 0001:00002360       xmlrpc_wcs_to_utf8         0000000180003360 f   utf8.obj
 0001:000024a5       select                     00000001800034a5 f   ws2_32:WS2_32.dll
 0001:000024ab       InitializeCriticalSection  00000001800034ab f   kernel32:KERNEL32.dll
 0001:000024b1       EnterCriticalSection       00000001800034b1 f   kernel32:KERNEL32.dll
 0001:000024b7       LeaveCriticalSection       00000001800034b7 f   kernel32:KERNEL32.dll
 0001:000024bd       DeleteCriticalSection      00000001800034bd f   kernel32:KERNEL32.dll
 0001:000024c3       SleepEx                    00000001800034c3 f   kernel32:KERNEL32.dll
 0001:000024c9       GetSystemTimeAsFileTime    00000001800034c9 f   kernel32:KERNEL32.dll
 0001:000024d0       __GSHandlerCheck           00000001800034d0 f   MSVCRT:gshandler.obj
 0001:000024f4       __GSHandlerCheckCommon     00000001800034f4 f   MSVCRT:gshandler.obj
 0001:00002580       __security_check_cookie    0000000180003580 f   MSVCRT:amdsecgs.obj
 0001:000029c8       _CRT_INIT                  00000001800039c8 f   MSVCRT:dll_dllmain.obj
 0001:000029d0       _DllMainCRTStartup         00000001800039d0 f   MSVCRT:dll_dllmain.obj
 0001:00002a1c       __raise_securityfailure    0000000180003a1c f   MSVCRT:gs_report.obj
 0001:00002a60       __report_gsfailure         0000000180003a60 f   MSVCRT:gs_report.obj
 0001:00002b68       __report_rangecheckfailure 0000000180003b68 f   MSVCRT:gs_report.obj
 0001:00002b80       __report_securityfailure   0000000180003b80 f   MSVCRT:gs_report.obj
 0001:00002c44       __report_securityfailureEx 0000000180003c44 f   MSVCRT:gs_report.obj
 0001:00002f38       __security_init_cookie     0000000180003f38 f   MSVCRT:gs_support.obj
 0001:00003010       DllMain                    0000000180004010 f   MSVCRT:dll_dllmain_stub.obj
 0001:0000303c       ?__scrt_initialize_type_info@@YAXXZ 000000018000403c f   MSVCRT:tncleanup.obj
 0001:00003050       ?__scrt_uninitialize_type_info@@YAXXZ 0000000180004050 f   MSVCRT:tncleanup.obj
 0001:00003060       __local_stdio_scanf_options 0000000180004060 f i MSVCRT:default_local_stdio_options.obj
 0001:0000306c       __scrt_initialize_default_local_stdio_options 000000018000406c f   MSVCRT:default_local_stdio_options.obj
 0001:00003090       ??$__crt_fast_decode_pointer@PEAP6AXXZ@@YAPEAP6AXXZQEAP6AXXZ@Z 0000000180004090 f i MSVCRT:utility.obj
 0001:000030ac       ??$__crt_fast_encode_pointer@PEAP6AXXZ@@YAPEAP6AXXZQEAP6AXXZ@Z 00000001800040ac f i MSVCRT:utility.obj
 0001:000030d4       ?__crt_rotate_pointer_value@@YA_K_KH@Z 00000001800040d4 f i MSVCRT:utility.obj
 0001:000030e0       ?configure_argv@__scrt_narrow_argv_policy@@SAHXZ 00000001800040e0 f i MSVCRT:utility.obj
 0001:00003158       ?initialize_environment@__scrt_narrow_environment_policy@@SAHXZ 0000000180004158 f i MSVCRT:utility.obj
 0001:0000319c       NtCurrentTeb               000000018000419c f i MSVCRT:utility.obj
 0001:000031a8       __scrt_acquire_startup_lock 00000001800041a8 f   MSVCRT:utility.obj
 0001:000031f0       __scrt_dllmain_after_initialize_c 00000001800041f0 f   MSVCRT:utility.obj
 0001:00003234       __scrt_dllmain_before_initialize_c 0000000180004234 f   MSVCRT:utility.obj
 0001:00003250       __scrt_dllmain_crt_thread_attach 0000000180004250 f   MSVCRT:utility.obj
 0001:00003284       __scrt_dllmain_crt_thread_detach 0000000180004284 f   MSVCRT:utility.obj
 0001:000032a0       __scrt_dllmain_exception_filter 00000001800042a0 f   MSVCRT:utility.obj
 0001:00003318       __scrt_dllmain_uninitialize_c 0000000180004318 f   MSVCRT:utility.obj
 0001:00003354       __scrt_dllmain_uninitialize_critical 0000000180004354 f   MSVCRT:utility.obj
 0001:00003370       __scrt_initialize_crt      0000000180004370 f   MSVCRT:utility.obj
 0001:000033cc       __scrt_initialize_onexit_tables 00000001800043cc f   MSVCRT:utility.obj
 0001:000034dc       __scrt_is_nonwritable_in_current_image 00000001800044dc f   MSVCRT:utility.obj
 0001:0000359c       __scrt_release_startup_lock 000000018000459c f   MSVCRT:utility.obj
 0001:000035cc       __scrt_uninitialize_crt    00000001800045cc f   MSVCRT:utility.obj
 0001:00003604       _onexit                    0000000180004604 f   MSVCRT:utility.obj
 0001:00003668       at_quick_exit              0000000180004668 f   MSVCRT:utility.obj
 0001:000036ac       atexit                     00000001800046ac f   MSVCRT:utility.obj
 0001:000036c8       __scrt_get_dyn_tls_init_callback 00000001800046c8 f   MSVCRT:dyn_tls_init.obj
 0001:000036d4       __crt_debugger_hook        00000001800046d4 f   MSVCRT:utility_desktop.obj
 0001:000036e0       __scrt_fastfail            00000001800046e0 f   MSVCRT:utility_desktop.obj
 0001:0000387c       __scrt_get_show_window_mode 000000018000487c f   MSVCRT:utility_desktop.obj
 0001:000038c4       __scrt_initialize_mta      00000001800048c4 f   MSVCRT:utility_desktop.obj
 0001:000038cc       __scrt_initialize_winrt    00000001800048cc f   MSVCRT:utility_desktop.obj
 0001:000038d0       __scrt_is_managed_app      00000001800048d0 f   MSVCRT:utility_desktop.obj
 0001:00003938       __scrt_set_unhandled_exception_filter 0000000180004938 f   MSVCRT:utility_desktop.obj
 0001:0000394c       __scrt_exe_initialize_mta  000000018000494c f   MSVCRT:utility_desktop.obj
 0001:0000394c       __scrt_stub_for_initialize_mta 000000018000494c f   MSVCRT:utility_desktop.obj
 0001:00003950       __scrt_unhandled_exception_filter 0000000180004950 f   MSVCRT:utility_desktop.obj
 0001:00003998       _RTC_Initialize            0000000180004998 f   MSVCRT:initsect.obj
 0001:000039e4       _RTC_Terminate             00000001800049e4 f   MSVCRT:initsect.obj
 0001:00003a30       _guard_check_icall_nop     0000000180004a30 f i MSVCRT:guard_support.obj
 0001:00003a34       ReadNoFence64              0000000180004a34 f i MSVCRT:guard_support.obj
 0001:00003a38       ReadPointerNoFence         0000000180004a38 f i MSVCRT:guard_support.obj
 0001:00003a3c       _guard_icall_checks_enforced 0000000180004a3c f i MSVCRT:guard_support.obj
 0001:00003a58       _guard_rf_checks_enforced  0000000180004a58 f i MSVCRT:guard_support.obj
 0001:00003a5c       __isa_available_init       0000000180004a5c f   MSVCRT:cpu_disp.obj
 0001:00003c38       _get_startup_argv_mode     0000000180004c38 f   MSVCRT:argv_mode.obj
 0001:00003c40       __scrt_is_ucrt_dll_in_use  0000000180004c40 f   MSVCRT:ucrt_detection.obj
 0001:00003c50       memcpy                     0000000180004c50 f   vcruntime:VCRUNTIME140.dll
 0001:00003c56       __C_specific_handler       0000000180004c56 f   vcruntime:VCRUNTIME140.dll
 0001:00003c5c       __std_type_info_destroy_list 0000000180004c5c f   vcruntime:VCRUNTIME140.dll
 0001:00003c62       memset                     0000000180004c62 f   vcruntime:VCRUNTIME140.dll
 0001:00003c68       __stdio_common_vsprintf    0000000180004c68 f   ucrt:api-ms-win-crt-stdio-l1-1-0.dll
 0001:00003c6e       free                       0000000180004c6e f   ucrt:api-ms-win-crt-heap-l1-1-0.dll
 0001:00003c74       malloc                     0000000180004c74 f   ucrt:api-ms-win-crt-heap-l1-1-0.dll
 0001:00003c7a       abort                      0000000180004c7a f   ucrt:api-ms-win-crt-runtime-l1-1-0.dll
 0001:00003c80       __acrt_iob_func            0000000180004c80 f   ucrt:api-ms-win-crt-stdio-l1-1-0.dll
 0001:00003c86       __stdio_common_vfprintf    0000000180004c86 f   ucrt:api-ms-win-crt-stdio-l1-1-0.dll
 0001:00003c8c       isprint                    0000000180004c8c f   ucrt:api-ms-win-crt-string-l1-1-0.dll
 0001:00003c92       _errno                     0000000180004c92 f   ucrt:api-ms-win-crt-runtime-l1-1-0.dll
 0001:00003c98       _strtoui64                 0000000180004c98 f   ucrt:api-ms-win-crt-convert-l1-1-0.dll
 0001:00003c9e       strerror                   0000000180004c9e f   ucrt:api-ms-win-crt-runtime-l1-1-0.dll
 0001:00003ca4       _gmtime64                  0000000180004ca4 f   ucrt:api-ms-win-crt-time-l1-1-0.dll
 0001:00003caa       _localtime64               0000000180004caa f   ucrt:api-ms-win-crt-time-l1-1-0.dll
 0001:00003cb0       _initterm                  0000000180004cb0 f   ucrt:api-ms-win-crt-runtime-l1-1-0.dll
 0001:00003cb6       _initterm_e                0000000180004cb6 f   ucrt:api-ms-win-crt-runtime-l1-1-0.dll
 0001:00003cbc       _seh_filter_dll            0000000180004cbc f   ucrt:api-ms-win-crt-runtime-l1-1-0.dll
 0001:00003cc2       _configure_narrow_argv     0000000180004cc2 f   ucrt:api-ms-win-crt-runtime-l1-1-0.dll
 0001:00003cc8       _initialize_narrow_environment 0000000180004cc8 f   ucrt:api-ms-win-crt-runtime-l1-1-0.dll
 0001:00003cce       _initialize_onexit_table   0000000180004cce f   ucrt:api-ms-win-crt-runtime-l1-1-0.dll
 0001:00003cd4       _register_onexit_function  0000000180004cd4 f   ucrt:api-ms-win-crt-runtime-l1-1-0.dll
 0001:00003cda       _execute_onexit_table      0000000180004cda f   ucrt:api-ms-win-crt-runtime-l1-1-0.dll
 0001:00003ce0       _crt_atexit                0000000180004ce0 f   ucrt:api-ms-win-crt-runtime-l1-1-0.dll
 0001:00003ce6       _crt_at_quick_exit         0000000180004ce6 f   ucrt:api-ms-win-crt-runtime-l1-1-0.dll
 0001:00003cec       _cexit                     0000000180004cec f   ucrt:api-ms-win-crt-runtime-l1-1-0.dll
 0001:00003cf2       terminate                  0000000180004cf2 f   ucrt:api-ms-win-crt-runtime-l1-1-0.dll
 0001:00003cf8       _strdup                    0000000180004cf8 f   ucrt:api-ms-win-crt-string-l1-1-0.dll
 0001:00003cfe       RtlCaptureContext          0000000180004cfe f   kernel32:KERNEL32.dll
 0001:00003d04       RtlLookupFunctionEntry     0000000180004d04 f   kernel32:KERNEL32.dll
 0001:00003d0a       RtlVirtualUnwind           0000000180004d0a f   kernel32:KERNEL32.dll
 0001:00003d10       UnhandledExceptionFilter   0000000180004d10 f   kernel32:KERNEL32.dll
 0001:00003d16       SetUnhandledExceptionFilter 0000000180004d16 f   kernel32:KERNEL32.dll
 0001:00003d1c       GetCurrentProcess          0000000180004d1c f   kernel32:KERNEL32.dll
 0001:00003d22       TerminateProcess           0000000180004d22 f   kernel32:KERNEL32.dll
 0001:00003d28       IsProcessorFeaturePresent  0000000180004d28 f   kernel32:KERNEL32.dll
 0001:00003d2e       QueryPerformanceCounter    0000000180004d2e f   kernel32:KERNEL32.dll
 0001:00003d34       GetCurrentProcessId        0000000180004d34 f   kernel32:KERNEL32.dll
 0001:00003d3a       GetCurrentThreadId         0000000180004d3a f   kernel32:KERNEL32.dll
 0001:00003d40       DisableThreadLibraryCalls  0000000180004d40 f   kernel32:KERNEL32.dll
 0001:00003d46       InitializeSListHead        0000000180004d46 f   kernel32:KERNEL32.dll
 0001:00003d4c       IsDebuggerPresent          0000000180004d4c f   kernel32:KERNEL32.dll
 0001:00003d52       GetStartupInfoW            0000000180004d52 f   kernel32:KERNEL32.dll
 0001:00003d58       GetModuleHandleW           0000000180004d58 f   kernel32:KERNEL32.dll
 0001:00003d60       __vcrt_initialize          0000000180004d60 f   MSVCRT:ucrt_stubs.obj
 0001:00003d60       __acrt_initialize          0000000180004d60 f   MSVCRT:ucrt_stubs.obj
 0001:00003d60       __scrt_stub_for_acrt_initialize 0000000180004d60 f   MSVCRT:ucrt_stubs.obj
 0001:00003d64       __scrt_stub_for_acrt_thread_attach 0000000180004d64 f   MSVCRT:ucrt_stubs.obj
 0001:00003d64       __acrt_thread_attach       0000000180004d64 f   MSVCRT:ucrt_stubs.obj
 0001:00003d64       __vcrt_thread_attach       0000000180004d64 f   MSVCRT:ucrt_stubs.obj
 0001:00003d68       __acrt_thread_detach       0000000180004d68 f   MSVCRT:ucrt_stubs.obj
 0001:00003d68       __vcrt_thread_detach       0000000180004d68 f   MSVCRT:ucrt_stubs.obj
 0001:00003d68       __scrt_stub_for_acrt_thread_detach 0000000180004d68 f   MSVCRT:ucrt_stubs.obj
 0001:00003d6c       __scrt_stub_for_acrt_uninitialize 0000000180004d6c f   MSVCRT:ucrt_stubs.obj
 0001:00003d6c       __vcrt_uninitialize        0000000180004d6c f   MSVCRT:ucrt_stubs.obj
 0001:00003d6c       __acrt_uninitialize        0000000180004d6c f   MSVCRT:ucrt_stubs.obj
 0001:00003d70       __scrt_stub_for_acrt_uninitialize_critical 0000000180004d70 f   MSVCRT:ucrt_stubs.obj
 0001:00003d70       __vcrt_uninitialize_critical 0000000180004d70 f   MSVCRT:ucrt_stubs.obj
 0001:00003d70       __acrt_uninitialize_critical 0000000180004d70 f   MSVCRT:ucrt_stubs.obj
 0001:00003d74       _is_c_termination_complete 0000000180004d74 f   MSVCRT:ucrt_stubs.obj
 0001:00003d74       __scrt_stub_for_is_c_termination_complete 0000000180004d74 f   MSVCRT:ucrt_stubs.obj
 0001:00004ff0       _guard_dispatch_icall_nop  0000000180005ff0 f   MSVCRT:guard_dispatch.obj
 0002:00000000       __xc_a                     0000000180009000     MSVCRT:initializers.obj
 0002:00000110       __xc_z                     0000000180009110     MSVCRT:initializers.obj
 0002:00000220       __xi_a                     0000000180009220     MSVCRT:initializers.obj
 0002:00000330       __xi_z                     0000000180009330     MSVCRT:initializers.obj
 0002:00000440       __xp_a                     0000000180009440     MSVCRT:initializers.obj
 0002:00000550       __xp_z                     0000000180009550     MSVCRT:initializers.obj
 0002:00000660       __xt_a                     0000000180009660     MSVCRT:initializers.obj
 0002:00000770       __xt_z                     0000000180009770     MSVCRT:initializers.obj
 0002:00000880       ??_C@_0CG@OMLFHLOM@?$FLinsufficient?5memory?5to?5build?5s@ 0000000180009880     asprintf.obj
 0002:00000900       ??_C@_02PCIJFNDE@?$AN?6@   0000000180009900     base64.obj
 0002:00000908       ??_C@_0BJ@FHCACHCF@Incorrect?5Base64?5padding@ 0000000180009908     base64.obj
 0002:00000928       ??_C@_0BG@MBNONJGA@Malformed?5Base64?5data@ 0000000180009928     base64.obj
 0002:00000948       ??_C@_0BJ@NDNDNLMB@?$CFs?3?$CFd?3?5assertion?5failed?6@ 0000000180009948     error.obj
 0002:00000968       ??_C@_0CE@JHHIKLHJ@Not?5enough?5memory?5for?5error?5mes@ 0000000180009968     error.obj
 0002:00000994       ??_C@_06FIJELGDL@?2x?$CF02x@ 0000000180009994     make_printable.obj
 0002:0000099c       ??_C@_02LKFOMHMK@?20@      000000018000999c     make_printable.obj
 0002:000009a0       ??_C@_0CH@OFNAMHJD@Can?8t?5allocate?5memory?5block?5des@ 00000001800099a0     memblock.obj
 0002:000009d0       ??_C@_0CE@KFAOOCGG@Can?8t?5allocate?5?$CFu?9byte?5memory?5b@ 00000001800099d0     memblock.obj
 0002:00000a00       ??_C@_0DC@HGJALCAE@Failed?5to?5allocate?5?$CFu?5bytes?5of?5@ 0000000180009a00     memblock.obj
 0002:00000a40       ??_C@_0CG@CCAOBFBK@Can?8t?5allocate?5memory?5pool?5desc@ 0000000180009a40     mempool.obj
 0002:00000a70       ??_C@_0DO@MMFKOEJF@Memory?5pool?5is?5out?5of?5memory?4?5?5@ 0000000180009a70     mempool.obj
 0002:00000ac0       ??_C@_0EP@NIIEAMHN@Number?5cannot?5be?5represented?5in@ 0000000180009ac0     string_number.obj
 0002:00000b20       ??_C@_0DG@LCBAMHHM@unexpected?5error?3?5strtoll?$CI?$CJ?5fai@ 0000000180009b20     string_number.obj
 0002:00000b60       ??_C@_0CC@EKFGOLBO@contains?5non?9numerical?5junk?3?5?8?$CF@ 0000000180009b60     string_number.obj
 0002:00000bd0       ??_C@_0EC@NGLOLAPA@Invalid?5time?5specification?$DL?5a?5m@ 0000000180009bd0     time.obj
 0002:00000c20       __real@41cdcd6500000000    0000000180009c20     time.obj
 0002:00000c60       ??_C@_0FK@EICDPHOK@UTF?98?5multibyte?5sequence?5contai@ 0000000180009c60     utf8.obj
 0002:00000cd0       ??_C@_0KC@MPFDOBGM@Xmlrpc?9c?5is?5not?5capable?5of?5hand@ 0000000180009cd0     utf8.obj
 0002:00000da0       ??_C@_0EG@FNBIIPPC@UTF?916?5surrogates?5may?5not?5appea@ 0000000180009da0     utf8.obj
 0002:00000e00       ??_C@_0FK@NMIPMNJH@UTF?98?5string?5contains?5a?5charact@ 0000000180009e00     utf8.obj
 0002:00000e70       ??_C@_0DE@KGPALEMC@Internal?5error?3?5Impossible?5UTF?9@ 0000000180009e70     utf8.obj
 0002:00000eb0       ??_C@_0CE@MLNMJCDE@Overlong?5UTF?98?5sequence?5not?5all@ 0000000180009eb0     utf8.obj
 0002:00000ee0       ??_C@_0CN@OOOPDPPA@Unrecognized?5UTF?98?5initial?5byte@ 0000000180009ee0     utf8.obj
 0002:00000f20       ??_C@_0FO@JCHLKAK@Invalid?5UTF?98?5sequence?5indicate@ 0000000180009f20     utf8.obj
 0002:00000f90       ??_C@_0DJ@GIFAAKMN@?$CFI64d?9byte?5supposed?5UTF?98?5strin@ 0000000180009f90     utf8.obj
 0002:00000fd8       _pDefaultRawDllMain        0000000180009fd8     MSVCRT:dll_dllmain.obj
 0002:00000fd8       _pRawDllMain               0000000180009fd8     MSVCRT:dll_dllmain.obj
 0002:00001040       _load_config_used          000000018000a040     MSVCRT:loadcfg.obj
 0002:00001438       __rtc_iaa                  000000018000a438     MSVCRT:initsect.obj
 0002:00001548       __rtc_izz                  000000018000a548     MSVCRT:initsect.obj
 0002:00001658       __rtc_taa                  000000018000a658     MSVCRT:initsect.obj
 0002:00001768       __rtc_tzz                  000000018000a768     MSVCRT:initsect.obj
 0003:00000230       __security_cookie_complement 000000018000c230     MSVCRT:gs_cookie.obj
 0003:00000238       __security_cookie          000000018000c238     MSVCRT:gs_cookie.obj
 0003:00000244       _fltused                   000000018000c244     MSVCRT:fltused.obj
 0003:00000248       __scrt_native_dllmain_reason 000000018000c248     MSVCRT:utility.obj
 0003:00000250       __isa_available            000000018000c250     MSVCRT:cpu_disp.obj
 0003:00000254       __isa_enabled              000000018000c254     MSVCRT:cpu_disp.obj
 0003:00000258       __memcpy_nt_iters          000000018000c258     MSVCRT:cpu_disp.obj
 0003:00000270       __scrt_ucrt_dll_is_in_use  000000018000c270     MSVCRT:ucrt_stubs.obj
 0003:00000a20       ?__type_info_root_node@@3U__type_info_node@@A 000000018000ca20     MSVCRT:tncleanup.obj
 0003:00000a38       ?_OptionsStorage@?1??__local_stdio_printf_options@@9@4_KA 000000018000ca38     MSVCRT:default_local_stdio_options.obj
 0003:00000a48       ?_OptionsStorage@?1??__local_stdio_scanf_options@@9@4_KA 000000018000ca48     MSVCRT:default_local_stdio_options.obj
 0003:00000a58       __scrt_current_native_startup_state 000000018000ca58     MSVCRT:utility.obj
 0003:00000a60       __scrt_native_startup_lock 000000018000ca60     MSVCRT:utility.obj
 0003:00000ab0       __scrt_debugger_hook_flag  000000018000cab0     MSVCRT:utility_desktop.obj
 0003:00000ab4       __favor                    000000018000cab4     MSVCRT:cpu_disp.obj
 0003:00000ab8       ?_OptionsStorage@?1??__local_stdio_printf_options@@9@9 000000018000cab8     <common>
 0003:00000ad0       __dyn_tls_init_callback    000000018000cad0     <common>
 0005:00000000       __imp_GetModuleHandleW     000000018000e000     kernel32:KERNEL32.dll
 0005:00000008       __imp_GetStartupInfoW      000000018000e008     kernel32:KERNEL32.dll
 0005:00000010       __imp_InitializeCriticalSection 000000018000e010     kernel32:KERNEL32.dll
 0005:00000018       __imp_EnterCriticalSection 000000018000e018     kernel32:KERNEL32.dll
 0005:00000020       __imp_LeaveCriticalSection 000000018000e020     kernel32:KERNEL32.dll
 0005:00000028       __imp_DeleteCriticalSection 000000018000e028     kernel32:KERNEL32.dll
 0005:00000030       __imp_SleepEx              000000018000e030     kernel32:KERNEL32.dll
 0005:00000038       __imp_GetSystemTimeAsFileTime 000000018000e038     kernel32:KERNEL32.dll
 0005:00000040       __imp_RtlLookupFunctionEntry 000000018000e040     kernel32:KERNEL32.dll
 0005:00000048       __imp_RtlVirtualUnwind     000000018000e048     kernel32:KERNEL32.dll
 0005:00000050       __imp_UnhandledExceptionFilter 000000018000e050     kernel32:KERNEL32.dll
 0005:00000058       __imp_SetUnhandledExceptionFilter 000000018000e058     kernel32:KERNEL32.dll
 0005:00000060       __imp_GetCurrentProcess    000000018000e060     kernel32:KERNEL32.dll
 0005:00000068       __imp_TerminateProcess     000000018000e068     kernel32:KERNEL32.dll
 0005:00000070       __imp_IsDebuggerPresent    000000018000e070     kernel32:KERNEL32.dll
 0005:00000078       __imp_InitializeSListHead  000000018000e078     kernel32:KERNEL32.dll
 0005:00000080       __imp_DisableThreadLibraryCalls 000000018000e080     kernel32:KERNEL32.dll
 0005:00000088       __imp_GetCurrentThreadId   000000018000e088     kernel32:KERNEL32.dll
 0005:00000090       __imp_GetCurrentProcessId  000000018000e090     kernel32:KERNEL32.dll
 0005:00000098       __imp_QueryPerformanceCounter 000000018000e098     kernel32:KERNEL32.dll
 0005:000000a0       __imp_IsProcessorFeaturePresent 000000018000e0a0     kernel32:KERNEL32.dll
 0005:000000a8       __imp_RtlCaptureContext    000000018000e0a8     kernel32:KERNEL32.dll
 0005:000000b0       \177KERNEL32_NULL_THUNK_DATA 000000018000e0b0     kernel32:KERNEL32.dll
 0005:00000128       __imp___C_specific_handler 000000018000e128     vcruntime:VCRUNTIME140.dll
 0005:00000130       __imp_memcpy               000000018000e130     vcruntime:VCRUNTIME140.dll
 0005:00000138       __imp___std_type_info_destroy_list 000000018000e138     vcruntime:VCRUNTIME140.dll
 0005:00000140       __imp_memset               000000018000e140     vcruntime:VCRUNTIME140.dll
 0005:00000148       \177VCRUNTIME140_NULL_THUNK_DATA 000000018000e148     vcruntime:VCRUNTIME140.dll
 0005:000001a0       __imp_select               000000018000e1a0     ws2_32:WS2_32.dll
 0005:000001a8       \177WS2_32_NULL_THUNK_DATA 000000018000e1a8     ws2_32:WS2_32.dll
 0005:00000200       __imp__strtoui64           000000018000e200     ucrt:api-ms-win-crt-convert-l1-1-0.dll
 0005:00000208       \177api-ms-win-crt-convert-l1-1-0_NULL_THUNK_DATA 000000018000e208     ucrt:api-ms-win-crt-convert-l1-1-0.dll
 0005:00000260       __imp_malloc               000000018000e260     ucrt:api-ms-win-crt-heap-l1-1-0.dll
 0005:00000268       __imp_free                 000000018000e268     ucrt:api-ms-win-crt-heap-l1-1-0.dll
 0005:00000270       \177api-ms-win-crt-heap-l1-1-0_NULL_THUNK_DATA 000000018000e270     ucrt:api-ms-win-crt-heap-l1-1-0.dll
 0005:000002c8       __imp__cexit               000000018000e2c8     ucrt:api-ms-win-crt-runtime-l1-1-0.dll
 0005:000002d0       __imp__execute_onexit_table 000000018000e2d0     ucrt:api-ms-win-crt-runtime-l1-1-0.dll
 0005:000002d8       __imp__seh_filter_dll      000000018000e2d8     ucrt:api-ms-win-crt-runtime-l1-1-0.dll
 0005:000002e0       __imp__initialize_onexit_table 000000018000e2e0     ucrt:api-ms-win-crt-runtime-l1-1-0.dll
 0005:000002e8       __imp__crt_at_quick_exit   000000018000e2e8     ucrt:api-ms-win-crt-runtime-l1-1-0.dll
 0005:000002f0       __imp__crt_atexit          000000018000e2f0     ucrt:api-ms-win-crt-runtime-l1-1-0.dll
 0005:000002f8       __imp__register_onexit_function 000000018000e2f8     ucrt:api-ms-win-crt-runtime-l1-1-0.dll
 0005:00000300       __imp_abort                000000018000e300     ucrt:api-ms-win-crt-runtime-l1-1-0.dll
 0005:00000308       __imp_terminate            000000018000e308     ucrt:api-ms-win-crt-runtime-l1-1-0.dll
 0005:00000310       __imp__errno               000000018000e310     ucrt:api-ms-win-crt-runtime-l1-1-0.dll
 0005:00000318       __imp__initterm_e          000000018000e318     ucrt:api-ms-win-crt-runtime-l1-1-0.dll
 0005:00000320       __imp__initterm            000000018000e320     ucrt:api-ms-win-crt-runtime-l1-1-0.dll
 0005:00000328       __imp__configure_narrow_argv 000000018000e328     ucrt:api-ms-win-crt-runtime-l1-1-0.dll
 0005:00000330       __imp_strerror             000000018000e330     ucrt:api-ms-win-crt-runtime-l1-1-0.dll
 0005:00000338       __imp__initialize_narrow_environment 000000018000e338     ucrt:api-ms-win-crt-runtime-l1-1-0.dll
 0005:00000340       \177api-ms-win-crt-runtime-l1-1-0_NULL_THUNK_DATA 000000018000e340     ucrt:api-ms-win-crt-runtime-l1-1-0.dll
 0005:000003b0       __imp___stdio_common_vsprintf 000000018000e3b0     ucrt:api-ms-win-crt-stdio-l1-1-0.dll
 0005:000003b8       __imp___acrt_iob_func      000000018000e3b8     ucrt:api-ms-win-crt-stdio-l1-1-0.dll
 0005:000003c0       __imp___stdio_common_vfprintf 000000018000e3c0     ucrt:api-ms-win-crt-stdio-l1-1-0.dll
 0005:000003c8       \177api-ms-win-crt-stdio-l1-1-0_NULL_THUNK_DATA 000000018000e3c8     ucrt:api-ms-win-crt-stdio-l1-1-0.dll
 0005:00000420       __imp__strdup              000000018000e420     ucrt:api-ms-win-crt-string-l1-1-0.dll
 0005:00000420       __imp_strdup               000000018000e420     ucrt:api-ms-win-crt-string-l1-1-0.dll
 0005:00000428       __imp_isprint              000000018000e428     ucrt:api-ms-win-crt-string-l1-1-0.dll
 0005:00000430       \177api-ms-win-crt-string-l1-1-0_NULL_THUNK_DATA 000000018000e430     ucrt:api-ms-win-crt-string-l1-1-0.dll
 0005:00000488       __imp__localtime64         000000018000e488     ucrt:api-ms-win-crt-time-l1-1-0.dll
 0005:00000490       __imp__gmtime64            000000018000e490     ucrt:api-ms-win-crt-time-l1-1-0.dll
 0005:00000498       \177api-ms-win-crt-time-l1-1-0_NULL_THUNK_DATA 000000018000e498     ucrt:api-ms-win-crt-time-l1-1-0.dll
 0005:000004f0       __IMPORT_DESCRIPTOR_WS2_32 000000018000e4f0     ws2_32:WS2_32.dll
 0005:00000504       __IMPORT_DESCRIPTOR_KERNEL32 000000018000e504     kernel32:KERNEL32.dll
 0005:00000518       __IMPORT_DESCRIPTOR_VCRUNTIME140 000000018000e518     vcruntime:VCRUNTIME140.dll
 0005:0000052c       __IMPORT_DESCRIPTOR_api-ms-win-crt-stdio-l1-1-0 000000018000e52c     ucrt:api-ms-win-crt-stdio-l1-1-0.dll
 0005:00000540       __IMPORT_DESCRIPTOR_api-ms-win-crt-heap-l1-1-0 000000018000e540     ucrt:api-ms-win-crt-heap-l1-1-0.dll
 0005:00000554       __IMPORT_DESCRIPTOR_api-ms-win-crt-runtime-l1-1-0 000000018000e554     ucrt:api-ms-win-crt-runtime-l1-1-0.dll
 0005:00000568       __IMPORT_DESCRIPTOR_api-ms-win-crt-string-l1-1-0 000000018000e568     ucrt:api-ms-win-crt-string-l1-1-0.dll
 0005:0000057c       __IMPORT_DESCRIPTOR_api-ms-win-crt-convert-l1-1-0 000000018000e57c     ucrt:api-ms-win-crt-convert-l1-1-0.dll
 0005:00000590       __IMPORT_DESCRIPTOR_api-ms-win-crt-time-l1-1-0 000000018000e590     ucrt:api-ms-win-crt-time-l1-1-0.dll
 0005:000005a4       __NULL_IMPORT_DESCRIPTOR   000000018000e5a4     ws2_32:WS2_32.dll
 0006:00000000       __guard_check_icall_fptr   0000000180010000     MSVCRT:guard_support.obj
 0006:00000010       __guard_dispatch_icall_fptr 0000000180010010     MSVCRT:guard_support.obj

 entry point at        0001:0000026c

 Static symbols

 0000:fffee000       .debug$S                   0000000180000000     vcruntime:VCRUNTIME140.dll
 0000:fffee000       .debug$S                   0000000180000000     ucrt:api-ms-win-crt-runtime-l1-1-0.dll
 0000:fffee000       .debug$S                   0000000180000000     ucrt:api-ms-win-crt-runtime-l1-1-0.dll
 0000:fffee000       .debug$S                   0000000180000000     ucrt:api-ms-win-crt-runtime-l1-1-0.dll
 0000:fffee000       .debug$S                   0000000180000000     ucrt:api-ms-win-crt-runtime-l1-1-0.dll
 0000:fffee000       .debug$S                   0000000180000000     ucrt:api-ms-win-crt-runtime-l1-1-0.dll
 0000:fffee000       .debug$S                   0000000180000000     ucrt:api-ms-win-crt-runtime-l1-1-0.dll
 0000:fffee000       .debug$S                   0000000180000000     ucrt:api-ms-win-crt-runtime-l1-1-0.dll
 0000:fffee000       .debug$S                   0000000180000000     ucrt:api-ms-win-crt-runtime-l1-1-0.dll
 0000:fffee000       .debug$S                   0000000180000000     ucrt:api-ms-win-crt-runtime-l1-1-0.dll
 0000:fffee000       .debug$S                   0000000180000000     ucrt:api-ms-win-crt-runtime-l1-1-0.dll
 0000:fffee000       .debug$S                   0000000180000000     ucrt:api-ms-win-crt-runtime-l1-1-0.dll
 0000:fffee000       .debug$S                   0000000180000000     ucrt:api-ms-win-crt-runtime-l1-1-0.dll
 0000:fffee000       .debug$S                   0000000180000000     ucrt:api-ms-win-crt-string-l1-1-0.dll
 0000:fffee000       .debug$S                   0000000180000000     ucrt:api-ms-win-crt-time-l1-1-0.dll
 0000:fffee000       .debug$S                   0000000180000000     ws2_32:WS2_32.dll
 0000:fffee000       .debug$S                   0000000180000000     kernel32:KERNEL32.dll
 0000:fffee000       .debug$S                   0000000180000000     kernel32:KERNEL32.dll
 0000:fffee000       .debug$S                   0000000180000000     kernel32:KERNEL32.dll
 0000:fffee000       .debug$S                   0000000180000000     kernel32:KERNEL32.dll
 0000:fffee000       .debug$S                   0000000180000000     kernel32:KERNEL32.dll
 0000:fffee000       .debug$S                   0000000180000000     kernel32:KERNEL32.dll
 0000:fffee000       .debug$S                   0000000180000000     ucrt:api-ms-win-crt-runtime-l1-1-0.dll
 0000:fffee000       .debug$S                   0000000180000000     ucrt:api-ms-win-crt-convert-l1-1-0.dll
 0000:fffee000       .debug$S                   0000000180000000     ucrt:api-ms-win-crt-runtime-l1-1-0.dll
 0000:fffee000       .debug$S                   0000000180000000     ucrt:api-ms-win-crt-string-l1-1-0.dll
 0000:fffee000       .debug$S                   0000000180000000     ucrt:api-ms-win-crt-stdio-l1-1-0.dll
 0000:fffee000       .debug$S                   0000000180000000     kernel32:KERNEL32.dll
 0000:fffee000       .debug$S                   0000000180000000     kernel32:KERNEL32.dll
 0000:fffee000       .debug$S                   0000000180000000     kernel32:KERNEL32.dll
 0000:fffee000       .debug$S                   0000000180000000     kernel32:KERNEL32.dll
 0000:ffff0000       __guard_fids_?dllmain_dispatch@@YAHQEAUHINSTANCE__@@KQEAX@Z 0000000180000000     MSVCRT:dll_dllmain.obj
 0000:fffee000       .debug$S                   0000000180000000     kernel32:KERNEL32.dll
 0000:fffee000       .debug$S                   0000000180000000     kernel32:KERNEL32.dll
 0000:fffee000       .debug$S                   0000000180000000     kernel32:KERNEL32.dll
 0000:fffee000       .debug$S                   0000000180000000     kernel32:KERNEL32.dll
 0000:fffee000       .debug$S                   0000000180000000     kernel32:KERNEL32.dll
 0000:fffee000       .debug$S                   0000000180000000     kernel32:KERNEL32.dll
 0000:fffee000       .debug$S                   0000000180000000     kernel32:KERNEL32.dll
 0000:ffff0000       __guard_fids___scrt_set_unhandled_exception_filter 0000000180000000     MSVCRT:utility_desktop.obj
 0000:ffff0000       __guard_fids__             0000000180000000     MSVCRT:guard_support.obj
 0000:ffff0000       __guard_fids__guard_icall_checks_enforced 0000000180000000     MSVCRT:guard_support.obj
 0000:fffee000       .debug$S                   0000000180000000     kernel32:KERNEL32.dll
 0000:fffee000       .debug$S                   0000000180000000     vcruntime:VCRUNTIME140.dll
 0000:fffee000       .debug$S                   0000000180000000     ucrt:api-ms-win-crt-time-l1-1-0.dll
 0000:fffee000       .debug$S                   0000000180000000     vcruntime:VCRUNTIME140.dll
 0000:fffee000       .debug$S                   0000000180000000     vcruntime:VCRUNTIME140.dll
 0000:fffee000       .debug$S                   0000000180000000     ucrt:api-ms-win-crt-stdio-l1-1-0.dll
 0000:fffee000       .debug$S                   0000000180000000     ucrt:api-ms-win-crt-heap-l1-1-0.dll
 0000:fffee000       .debug$S                   0000000180000000     ucrt:api-ms-win-crt-heap-l1-1-0.dll
 0000:fffee000       .debug$S                   0000000180000000     ucrt:api-ms-win-crt-runtime-l1-1-0.dll
 0000:fffee000       .debug$S                   0000000180000000     libxmlrpc_util.exp
 0000:fffee000       .debug$S                   0000000180000000     ucrt:api-ms-win-crt-stdio-l1-1-0.dll
 0000:fffee000       .debug$S                   0000000180000000     kernel32:KERNEL32.dll
 0000:fffee000       .debug$S                   0000000180000000     kernel32:KERNEL32.dll
 0000:fffee000       .debug$S                   0000000180000000     kernel32:KERNEL32.dll
 0000:fffee000       .debug$S                   0000000180000000     kernel32:KERNEL32.dll
 0001:00000700       base64Encode               0000000180001700 f   base64.obj
 0001:00000f40       acquire                    0000000180001f40 f   lock_windows.obj
 0001:00000f50       destroy                    0000000180001f50 f   lock_windows.obj
 0001:00000fa0       release                    0000000180001fa0 f   lock_windows.obj
 0001:000012a0       allocSize                  00000001800022a0 f   memblock.obj
 0001:000018e0       gettimeofdayWindows        00000001800028e0 f   time.obj
 0001:00001970       isLeapYear                 0000000180002970 f   time.obj
 0001:00001ca0       decodeMultibyte            0000000180002ca0 f   utf8.obj
 0001:00001e20       decodeUtf8                 0000000180002e20 f   utf8.obj
 0001:00001f90       validateContinuation       0000000180002f90 f   utf8.obj
 0001:00001fc0       validateUtf16              0000000180002fc0 f   utf8.obj
 0001:00002570       $$000000                   0000000180003570     MSVCRT:amdsecgs.obj
 0001:000025b0       ?dllmain_crt_dispatch@@YAHQEAUHINSTANCE__@@KQEAX@Z 00000001800035b0 f   MSVCRT:dll_dllmain.obj
 0001:00002614       ?dllmain_crt_process_attach@@YAHQEAUHINSTANCE__@@QEAX@Z 0000000180003614 f   MSVCRT:dll_dllmain.obj
 0001:00002774       ?dllmain_crt_process_detach@@YAH_N@Z 0000000180003774 f   MSVCRT:dll_dllmain.obj
 0001:00002828       ?dllmain_dispatch@@YAHQEAUHINSTANCE__@@KQEAX@Z 0000000180003828 f   MSVCRT:dll_dllmain.obj
 0001:000029a8       ?dllmain_raw@@YAHQEAUHINSTANCE__@@KQEAX@Z 00000001800039a8 f   MSVCRT:dll_dllmain.obj
 0001:00002d98       capture_current_context    0000000180003d98 f   MSVCRT:gs_report.obj
 0001:00002e20       capture_previous_context   0000000180003e20 f   MSVCRT:gs_report.obj
 0001:00002eb0       __get_entropy              0000000180003eb0 f   MSVCRT:gs_support.obj
 0001:000030fc       ?find_pe_section@@YAPEAU_IMAGE_SECTION_HEADER@@QEAE_K@Z 00000001800040fc f   MSVCRT:utility.obj
 0001:00003160       ?is_potentially_valid_image_base@@YA_NQEAX@Z 0000000180004160 f   MSVCRT:utility.obj
 0001:00004fe0       $$000000                   0000000180005fe0     MSVCRT:guard_dispatch.obj
 0001:00005ff6       ?fin$0@?0??dllmain_crt_process_attach@@YAHQEAUHINSTANCE__@@QEAX@Z@4HA 0000000180006ff6 f   MSVCRT:dll_dllmain.obj
 0001:00006012       ?fin$0@?0??dllmain_crt_process_detach@@YAH_N@Z@4HA 0000000180007012 f   MSVCRT:dll_dllmain.obj
 0001:00006035       ?filt$0@?0??dllmain_dispatch@@YAHQEAUHINSTANCE__@@KQEAX@Z@4HA 0000000180007035 f   MSVCRT:dll_dllmain.obj
 0001:00006078       __scrt_is_nonwritable_in_current_image$filt$0 0000000180007078 f   MSVCRT:utility.obj
 0002:000008b0       table_b2a_base64           00000001800098b0     base64.obj
 0002:00000b88       ?monthDaysNonLeap@?3??xmlrpc_timegm@@9@9 0000000180009b88     time.obj
 0002:00000c30       utf8_min_char_for_length   0000000180009c30     utf8.obj
 0002:00000fe8       GS_ExceptionPointers       0000000180009fe8     MSVCRT:gs_report.obj
 0002:00001878       $unwind$xmlrpc_vasprintf   000000018000a878     asprintf.obj
 0002:00001898       $unwind$xmlrpc_asprintf    000000018000a898     asprintf.obj
 0002:000018a0       $unwind$xmlrpc_strdupsol   000000018000a8a0     asprintf.obj
 0002:000018a8       $unwind$xmlrpc_base64_decode 000000018000a8a8     base64.obj
 0002:000018bc       $chain$2$xmlrpc_base64_decode 000000018000a8bc     base64.obj
 0002:000018dc       $chain$3$xmlrpc_base64_decode 000000018000a8dc     base64.obj
 0002:000018f4       $chain$4$xmlrpc_base64_decode 000000018000a8f4     base64.obj
 0002:00001908       $chain$5$xmlrpc_base64_decode 000000018000a908     base64.obj
 0002:0000191c       $unwind$xmlrpc_base64Encode 000000018000a91c     base64.obj
 0002:00001924       $chain$0$xmlrpc_base64Encode 000000018000a924     base64.obj
 0002:0000193c       $chain$1$xmlrpc_base64Encode 000000018000a93c     base64.obj
 0002:00001950       $unwind$base64Encode       000000018000a950     base64.obj
 0002:0000197c       $unwind$fprintf            000000018000a97c     error.obj
 0002:0000198c       $unwind$xmlrpc_assertion_failed 000000018000a98c     error.obj
 0002:0000199c       $unwind$xmlrpc_env_clean   000000018000a99c     error.obj
 0002:000019a4       $unwind$xmlrpc_env_set_fault 000000018000a9a4     error.obj
 0002:000019b8       $unwind$xmlrpc_set_fault_formatted_v 000000018000a9b8     error.obj
 0002:000019c8       $unwind$xmlrpc_env_set_fault_formatted 000000018000a9c8     error.obj
 0002:000019d0       $unwind$xmlrpc_faultf      000000018000a9d0     error.obj
 0002:000019d8       $unwind$xmlrpc_lock_create_windows 000000018000a9d8     lock_windows.obj
 0002:000019e0       $chain$0$xmlrpc_lock_create_windows 000000018000a9e0     lock_windows.obj
 0002:000019f8       $chain$2$xmlrpc_lock_create_windows 000000018000a9f8     lock_windows.obj
 0002:00001a10       $chain$3$xmlrpc_lock_create_windows 000000018000aa10     lock_windows.obj
 0002:00001a24       $unwind$destroy            000000018000aa24     lock_windows.obj
 0002:00001a34       $unwind$_snprintf          000000018000aa34     make_printable.obj
 0002:00001a48       $unwind$xmlrpc_makePrintable_lp 000000018000aa48     make_printable.obj
 0002:00001a58       $chain$1$xmlrpc_makePrintable_lp 000000018000aa58     make_printable.obj
 0002:00001a74       $chain$3$xmlrpc_makePrintable_lp 000000018000aa74     make_printable.obj
 0002:00001a90       $chain$4$xmlrpc_makePrintable_lp 000000018000aa90     make_printable.obj
 0002:00001aa4       $chain$5$xmlrpc_makePrintable_lp 000000018000aaa4     make_printable.obj
 0002:00001ab8       $unwind$xmlrpc_makePrintableChar 000000018000aab8     make_printable.obj
 0002:00001ac0       $unwind$xmlrpc_mem_block_free 000000018000aac0     memblock.obj
 0002:00001ac8       $unwind$xmlrpc_mem_block_resize 000000018000aac8     memblock.obj
 0002:00001ae0       $chain$0$xmlrpc_mem_block_resize 000000018000aae0     memblock.obj
 0002:00001af8       $chain$1$xmlrpc_mem_block_resize 000000018000aaf8     memblock.obj
 0002:00001b0c       $unwind$xmlrpc_mem_block_append 000000018000ab0c     memblock.obj
 0002:00001b28       $unwind$xmlrpc_mem_block_new_pool 000000018000ab28     memblock.obj
 0002:00001b3c       $chain$0$xmlrpc_mem_block_new_pool 000000018000ab3c     memblock.obj
 0002:00001b54       $chain$2$xmlrpc_mem_block_new_pool 000000018000ab54     memblock.obj
 0002:00001b6c       $chain$3$xmlrpc_mem_block_new_pool 000000018000ab6c     memblock.obj
 0002:00001b80       $unwind$xmlrpc_mem_pool_new 000000018000ab80     mempool.obj
 0002:00001b94       $unwind$xmlrpc_mem_pool_alloc 000000018000ab94     mempool.obj
 0002:00001b9c       $unwind$xmlrpc_pselect     000000018000ab9c     select.obj
 0002:00001ba4       $unwind$xmlrpc_parse_int64 000000018000aba4     string_number.obj
 0002:00001bb8       $unwind$xmlrpc_timegm      000000018000abb8     time.obj
 0002:00001bd0       $chain$0$xmlrpc_timegm     000000018000abd0     time.obj
 0002:00001be8       $chain$1$xmlrpc_timegm     000000018000abe8     time.obj
 0002:00001bfc       $unwind$xmlrpc_localtime   000000018000abfc     time.obj
 0002:00001c04       $unwind$xmlrpc_gmtime      000000018000ac04     time.obj
 0002:00001c0c       $unwind$gettimeofdayWindows 000000018000ac0c     time.obj
 0002:00001c14       $unwind$xmlrpc_validate_utf8 000000018000ac14     utf8.obj
 0002:00001c28       $unwind$xmlrpc_utf8_to_wcs 000000018000ac28     utf8.obj
 0002:00001c40       $unwind$xmlrpc_wcs_to_utf8 000000018000ac40     utf8.obj
 0002:00001c58       $chain$0$xmlrpc_wcs_to_utf8 000000018000ac58     utf8.obj
 0002:00001c70       $chain$1$xmlrpc_wcs_to_utf8 000000018000ac70     utf8.obj
 0002:00001c84       $unwind$decodeMultibyte    000000018000ac84     utf8.obj
 0002:00001c98       $chain$0$decodeMultibyte   000000018000ac98     utf8.obj
 0002:00001cb0       $chain$1$decodeMultibyte   000000018000acb0     utf8.obj
 0002:00001cc4       $chain$2$decodeMultibyte   000000018000acc4     utf8.obj
 0002:00001cdc       $unwind$decodeUtf8         000000018000acdc     utf8.obj
 0002:00001cec       $chain$3$decodeUtf8        000000018000acec     utf8.obj
 0002:00001d10       $chain$4$decodeUtf8        000000018000ad10     utf8.obj
 0002:00001d28       $chain$5$decodeUtf8        000000018000ad28     utf8.obj
 0002:00001d3c       $chain$6$decodeUtf8        000000018000ad3c     utf8.obj
 0002:00001d50       $unwind$__GSHandlerCheckCommon 000000018000ad50     MSVCRT:gshandler.obj
 0002:00001d58       $unwind$__GSHandlerCheck   000000018000ad58     MSVCRT:gshandler.obj
 0002:00001d60       $xdatasym                  000000018000ad60     MSVCRT:amdsecgs.obj
 0002:00001d64       $unwind$?dllmain_crt_process_attach@@YAHQEAUHINSTANCE__@@QEAX@Z 000000018000ad64     MSVCRT:dll_dllmain.obj
 0002:00001da8       $unwind$?fin$0@?0??dllmain_crt_process_attach@@YAHQEAUHINSTANCE__@@QEAX@Z@4HA 000000018000ada8     MSVCRT:dll_dllmain.obj
 0002:00001db0       $unwind$?dllmain_crt_process_detach@@YAH_N@Z 000000018000adb0     MSVCRT:dll_dllmain.obj
 0002:00001df0       $unwind$?fin$0@?0??dllmain_crt_process_detach@@YAH_N@Z@4HA 000000018000adf0     MSVCRT:dll_dllmain.obj
 0002:00001df8       $unwind$?dllmain_crt_dispatch@@YAHQEAUHINSTANCE__@@KQEAX@Z 000000018000adf8     MSVCRT:dll_dllmain.obj
 0002:00001e00       $unwind$?dllmain_dispatch@@YAHQEAUHINSTANCE__@@KQEAX@Z 000000018000ae00     MSVCRT:dll_dllmain.obj
 0002:00001e2c       $unwind$?filt$0@?0??dllmain_dispatch@@YAHQEAUHINSTANCE__@@KQEAX@Z@4HA 000000018000ae2c     MSVCRT:dll_dllmain.obj
 0002:00001e34       $unwind$_DllMainCRTStartup 000000018000ae34     MSVCRT:dll_dllmain.obj
 0002:00001e48       $unwind$__report_securityfailure 000000018000ae48     MSVCRT:gs_report.obj
 0002:00001e50       $unwind$__report_securityfailureEx 000000018000ae50     MSVCRT:gs_report.obj
 0002:00001e58       $unwind$__report_rangecheckfailure 000000018000ae58     MSVCRT:gs_report.obj
 0002:00001e60       $unwind$__report_gsfailure 000000018000ae60     MSVCRT:gs_report.obj
 0002:00001e68       $unwind$capture_current_context 000000018000ae68     MSVCRT:gs_report.obj
 0002:00001e78       $unwind$capture_previous_context 000000018000ae78     MSVCRT:gs_report.obj
 0002:00001e88       $unwind$__raise_securityfailure 000000018000ae88     MSVCRT:gs_report.obj
 0002:00001e90       $unwind$__security_init_cookie 000000018000ae90     MSVCRT:gs_support.obj
 0002:00001ea0       $unwind$__get_entropy      000000018000aea0     MSVCRT:gs_support.obj
 0002:00001ea8       $unwind$DllMain            000000018000aea8     MSVCRT:dll_dllmain_stub.obj
 0002:00001eb0       $unwind$__scrt_initialize_default_local_stdio_options 000000018000aeb0     MSVCRT:default_local_stdio_options.obj
 0002:00001eb8       $unwind$atexit             000000018000aeb8     MSVCRT:utility.obj
 0002:00001ec0       $unwind$_onexit            000000018000aec0     MSVCRT:utility.obj
 0002:00001ec8       $unwind$__scrt_is_nonwritable_in_current_image 000000018000aec8     MSVCRT:utility.obj
 0002:00001eec       $unwind$__scrt_is_nonwritable_in_current_image$filt$0 000000018000aeec     MSVCRT:utility.obj
 0002:00001ef4       $unwind$__scrt_acquire_startup_lock 000000018000aef4     MSVCRT:utility.obj
 0002:00001efc       $unwind$__scrt_release_startup_lock 000000018000aefc     MSVCRT:utility.obj
 0002:00001f04       $unwind$__scrt_initialize_crt 000000018000af04     MSVCRT:utility.obj
 0002:00001f0c       $unwind$__scrt_uninitialize_crt 000000018000af0c     MSVCRT:utility.obj
 0002:00001f14       $unwind$__scrt_initialize_onexit_tables 000000018000af14     MSVCRT:utility.obj
 0002:00001f1c       $unwind$__scrt_dllmain_exception_filter 000000018000af1c     MSVCRT:utility.obj
 0002:00001f34       $unwind$__scrt_dllmain_before_initialize_c 000000018000af34     MSVCRT:utility.obj
 0002:00001f3c       $unwind$__scrt_dllmain_after_initialize_c 000000018000af3c     MSVCRT:utility.obj
 0002:00001f44       $unwind$__scrt_dllmain_uninitialize_c 000000018000af44     MSVCRT:utility.obj
 0002:00001f4c       $unwind$__scrt_dllmain_uninitialize_critical 000000018000af4c     MSVCRT:utility.obj
 0002:00001f54       $unwind$__scrt_dllmain_crt_thread_attach 000000018000af54     MSVCRT:utility.obj
 0002:00001f5c       $unwind$__scrt_dllmain_crt_thread_detach 000000018000af5c     MSVCRT:utility.obj
 0002:00001f64       $unwind$?configure_argv@__scrt_narrow_argv_policy@@SAHXZ 000000018000af64     MSVCRT:utility.obj
 0002:00001f6c       $unwind$__scrt_get_show_window_mode 000000018000af6c     MSVCRT:utility_desktop.obj
 0002:00001f74       $unwind$__scrt_is_managed_app 000000018000af74     MSVCRT:utility_desktop.obj
 0002:00001f7c       $unwind$__scrt_fastfail    000000018000af7c     MSVCRT:utility_desktop.obj
 0002:00001f90       $unwind$__scrt_unhandled_exception_filter 000000018000af90     MSVCRT:utility_desktop.obj
 0002:00001f98       $unwind$_RTC_Initialize    000000018000af98     MSVCRT:initsect.obj
 0002:00001fa8       $unwind$_RTC_Terminate     000000018000afa8     MSVCRT:initsect.obj
 0002:00001fb8       $unwind$__isa_available_init 000000018000afb8     MSVCRT:cpu_disp.obj
 0002:00001fd0       $xdatasym                  000000018000afd0     MSVCRT:guard_dispatch.obj
 0002:00002220       .edata                     000000018000b220     libxmlrpc_util.exp
 0002:00002248       rgpv                       000000018000b248     libxmlrpc_util.exp
 0002:00002304       rgszName                   000000018000b304     libxmlrpc_util.exp
 0002:000023c0       rgwOrd                     000000018000b3c0     libxmlrpc_util.exp
 0002:0000241e       szName                     000000018000b41e     libxmlrpc_util.exp
 0002:00002431       $N00001                    000000018000b431     libxmlrpc_util.exp
 0002:00002441       $N00002                    000000018000b441     libxmlrpc_util.exp
 0002:00002459       $N00003                    000000018000b459     libxmlrpc_util.exp
 0002:0000246d       $N00004                    000000018000b46d     libxmlrpc_util.exp
 0002:00002482       $N00005                    000000018000b482     libxmlrpc_util.exp
 0002:00002497       $N00006                    000000018000b497     libxmlrpc_util.exp
 0002:000024bd       $N00007                    000000018000b4bd     libxmlrpc_util.exp
 0002:000024ce       $N00008                    000000018000b4ce     libxmlrpc_util.exp
 0002:000024de       $N00009                    000000018000b4de     libxmlrpc_util.exp
 0002:000024f3       $N00010                    000000018000b4f3     libxmlrpc_util.exp
 0002:00002512       $N00011                    000000018000b512     libxmlrpc_util.exp
 0002:00002520       $N00012                    000000018000b520     libxmlrpc_util.exp
 0002:00002535       $N00013                    000000018000b535     libxmlrpc_util.exp
 0002:0000254f       $N00014                    000000018000b54f     libxmlrpc_util.exp
 0002:00002563       $N00015                    000000018000b563     libxmlrpc_util.exp
 0002:00002571       $N00016                    000000018000b571     libxmlrpc_util.exp
 0002:00002582       $N00017                    000000018000b582     libxmlrpc_util.exp
 0002:00002595       $N00018                    000000018000b595     libxmlrpc_util.exp
 0002:000025b0       $N00019                    000000018000b5b0     libxmlrpc_util.exp
 0002:000025c5       $N00020                    000000018000b5c5     libxmlrpc_util.exp
 0002:000025de       $N00021                    000000018000b5de     libxmlrpc_util.exp
 0002:000025f6       $N00022                    000000018000b5f6     libxmlrpc_util.exp
 0002:0000260e       $N00023                    000000018000b60e     libxmlrpc_util.exp
 0002:00002628       $N00024                    000000018000b628     libxmlrpc_util.exp
 0002:0000263e       $N00025                    000000018000b63e     libxmlrpc_util.exp
 0002:00002653       $N00026                    000000018000b653     libxmlrpc_util.exp
 0002:0000266d       $N00027                    000000018000b66d     libxmlrpc_util.exp
 0002:00002685       $N00028                    000000018000b685     libxmlrpc_util.exp
 0002:0000269b       $N00029                    000000018000b69b     libxmlrpc_util.exp
 0002:000026b1       $N00030                    000000018000b6b1     libxmlrpc_util.exp
 0002:000026c6       $N00031                    000000018000b6c6     libxmlrpc_util.exp
 0002:000026da       $N00032                    000000018000b6da     libxmlrpc_util.exp
 0002:000026f2       $N00033                    000000018000b6f2     libxmlrpc_util.exp
 0002:0000270b       $N00034                    000000018000b70b     libxmlrpc_util.exp
 0002:0000271e       $N00035                    000000018000b71e     libxmlrpc_util.exp
 0002:0000272d       $N00036                    000000018000b72d     libxmlrpc_util.exp
 0002:0000274a       $N00037                    000000018000b74a     libxmlrpc_util.exp
 0002:0000275c       $N00038                    000000018000b75c     libxmlrpc_util.exp
 0002:0000276d       $N00039                    000000018000b76d     libxmlrpc_util.exp
 0002:0000277c       $N00040                    000000018000b77c     libxmlrpc_util.exp
 0002:0000278f       $N00041                    000000018000b78f     libxmlrpc_util.exp
 0002:0000279f       $N00042                    000000018000b79f     libxmlrpc_util.exp
 0002:000027b2       $N00043                    000000018000b7b2     libxmlrpc_util.exp
 0002:000027c0       $N00044                    000000018000b7c0     libxmlrpc_util.exp
 0002:000027d3       $N00045                    000000018000b7d3     libxmlrpc_util.exp
 0002:000027e8       $N00046                    000000018000b7e8     libxmlrpc_util.exp
 0002:000027f9       $N00047                    000000018000b7f9     libxmlrpc_util.exp
 0003:00000000       ?tbl@?1??xmlrpc_base64Encode@@9@9 000000018000c000     base64.obj
 0003:00000040       table_a2b_base64           000000018000c040     base64.obj
 0003:000000f0       utf8SeqLength              000000018000c0f0     utf8.obj
 0003:00000380       ?__proc_attached@@3HA      000000018000c380     MSVCRT:dll_dllmain.obj
 0003:00000390       GS_ExceptionRecord         000000018000c390     MSVCRT:gs_report.obj
 0003:00000430       GS_ContextRecord           000000018000c430     MSVCRT:gs_report.obj
 0003:00000a68       ?is_initialized_as_dll@@3_NA 000000018000ca68     MSVCRT:utility.obj
 0003:00000a69       ?module_local_atexit_table_initialized@@3_NA 000000018000ca69     MSVCRT:utility.obj
 0003:00000a70       ?module_local_atexit_table@@3U_onexit_table_t@@A 000000018000ca70     MSVCRT:utility.obj
 0003:00000a88       ?module_local_at_quick_exit_table@@3U_onexit_table_t@@A 000000018000ca88     MSVCRT:utility.obj
 0004:00000000       $pdata$xmlrpc_asprintf     000000018000d000     asprintf.obj
 0004:0000000c       $pdata$xmlrpc_strdupsol    000000018000d00c     asprintf.obj
 0004:00000018       $pdata$xmlrpc_vasprintf    000000018000d018     asprintf.obj
 0004:00000024       $pdata$base64Encode        000000018000d024     base64.obj
 0004:00000030       $pdata$xmlrpc_base64Encode 000000018000d030     base64.obj
 0004:0000003c       $pdata$0$xmlrpc_base64Encode 000000018000d03c     base64.obj
 0004:00000048       $pdata$1$xmlrpc_base64Encode 000000018000d048     base64.obj
 0004:00000054       $pdata$xmlrpc_base64_decode 000000018000d054     base64.obj
 0004:00000060       $pdata$2$xmlrpc_base64_decode 000000018000d060     base64.obj
 0004:0000006c       $pdata$3$xmlrpc_base64_decode 000000018000d06c     base64.obj
 0004:00000078       $pdata$4$xmlrpc_base64_decode 000000018000d078     base64.obj
 0004:00000084       $pdata$5$xmlrpc_base64_decode 000000018000d084     base64.obj
 0004:00000090       $pdata$fprintf             000000018000d090     error.obj
 0004:0000009c       $pdata$xmlrpc_assertion_failed 000000018000d09c     error.obj
 0004:000000a8       $pdata$xmlrpc_env_clean    000000018000d0a8     error.obj
 0004:000000b4       $pdata$xmlrpc_env_set_fault 000000018000d0b4     error.obj
 0004:000000c0       $pdata$xmlrpc_env_set_fault_formatted 000000018000d0c0     error.obj
 0004:000000cc       $pdata$xmlrpc_faultf       000000018000d0cc     error.obj
 0004:000000d8       $pdata$xmlrpc_set_fault_formatted_v 000000018000d0d8     error.obj
 0004:000000e4       $pdata$destroy             000000018000d0e4     lock_windows.obj
 0004:000000f0       $pdata$xmlrpc_lock_create_windows 000000018000d0f0     lock_windows.obj
 0004:000000fc       $pdata$0$xmlrpc_lock_create_windows 000000018000d0fc     lock_windows.obj
 0004:00000108       $pdata$2$xmlrpc_lock_create_windows 000000018000d108     lock_windows.obj
 0004:00000114       $pdata$3$xmlrpc_lock_create_windows 000000018000d114     lock_windows.obj
 0004:00000120       $pdata$_snprintf           000000018000d120     make_printable.obj
 0004:0000012c       $pdata$xmlrpc_makePrintableChar 000000018000d12c     make_printable.obj
 0004:00000138       $pdata$xmlrpc_makePrintable_lp 000000018000d138     make_printable.obj
 0004:00000144       $pdata$1$xmlrpc_makePrintable_lp 000000018000d144     make_printable.obj
 0004:00000150       $pdata$3$xmlrpc_makePrintable_lp 000000018000d150     make_printable.obj
 0004:0000015c       $pdata$4$xmlrpc_makePrintable_lp 000000018000d15c     make_printable.obj
 0004:00000168       $pdata$5$xmlrpc_makePrintable_lp 000000018000d168     make_printable.obj
 0004:00000174       $pdata$xmlrpc_mem_block_append 000000018000d174     memblock.obj
 0004:00000180       $pdata$xmlrpc_mem_block_free 000000018000d180     memblock.obj
 0004:0000018c       $pdata$xmlrpc_mem_block_new_pool 000000018000d18c     memblock.obj
 0004:00000198       $pdata$0$xmlrpc_mem_block_new_pool 000000018000d198     memblock.obj
 0004:000001a4       $pdata$2$xmlrpc_mem_block_new_pool 000000018000d1a4     memblock.obj
 0004:000001b0       $pdata$3$xmlrpc_mem_block_new_pool 000000018000d1b0     memblock.obj
 0004:000001bc       $pdata$xmlrpc_mem_block_resize 000000018000d1bc     memblock.obj
 0004:000001c8       $pdata$0$xmlrpc_mem_block_resize 000000018000d1c8     memblock.obj
 0004:000001d4       $pdata$1$xmlrpc_mem_block_resize 000000018000d1d4     memblock.obj
 0004:000001e0       $pdata$xmlrpc_mem_pool_alloc 000000018000d1e0     mempool.obj
 0004:000001ec       $pdata$xmlrpc_mem_pool_new 000000018000d1ec     mempool.obj
 0004:000001f8       $pdata$xmlrpc_pselect      000000018000d1f8     select.obj
 0004:00000204       $pdata$xmlrpc_parse_int64  000000018000d204     string_number.obj
 0004:00000210       $pdata$gettimeofdayWindows 000000018000d210     time.obj
 0004:0000021c       $pdata$xmlrpc_gmtime       000000018000d21c     time.obj
 0004:00000228       $pdata$xmlrpc_localtime    000000018000d228     time.obj
 0004:00000234       $pdata$xmlrpc_timegm       000000018000d234     time.obj
 0004:00000240       $pdata$0$xmlrpc_timegm     000000018000d240     time.obj
 0004:0000024c       $pdata$1$xmlrpc_timegm     000000018000d24c     time.obj
 0004:00000258       $pdata$decodeMultibyte     000000018000d258     utf8.obj
 0004:00000264       $pdata$0$decodeMultibyte   000000018000d264     utf8.obj
 0004:00000270       $pdata$1$decodeMultibyte   000000018000d270     utf8.obj
 0004:0000027c       $pdata$2$decodeMultibyte   000000018000d27c     utf8.obj
 0004:00000288       $pdata$decodeUtf8          000000018000d288     utf8.obj
 0004:00000294       $pdata$3$decodeUtf8        000000018000d294     utf8.obj
 0004:000002a0       $pdata$4$decodeUtf8        000000018000d2a0     utf8.obj
 0004:000002ac       $pdata$5$decodeUtf8        000000018000d2ac     utf8.obj
 0004:000002b8       $pdata$6$decodeUtf8        000000018000d2b8     utf8.obj
 0004:000002c4       $pdata$xmlrpc_utf8_to_wcs  000000018000d2c4     utf8.obj
 0004:000002d0       $pdata$xmlrpc_validate_utf8 000000018000d2d0     utf8.obj
 0004:000002dc       $pdata$xmlrpc_wcs_to_utf8  000000018000d2dc     utf8.obj
 0004:000002e8       $pdata$0$xmlrpc_wcs_to_utf8 000000018000d2e8     utf8.obj
 0004:000002f4       $pdata$1$xmlrpc_wcs_to_utf8 000000018000d2f4     utf8.obj
 0004:00000300       $pdata$__GSHandlerCheck    000000018000d300     MSVCRT:gshandler.obj
 0004:0000030c       $pdata$__GSHandlerCheckCommon 000000018000d30c     MSVCRT:gshandler.obj
 0004:00000324       $pdata$?dllmain_crt_dispatch@@YAHQEAUHINSTANCE__@@KQEAX@Z 000000018000d324     MSVCRT:dll_dllmain.obj
 0004:00000330       $pdata$?dllmain_crt_process_attach@@YAHQEAUHINSTANCE__@@QEAX@Z 000000018000d330     MSVCRT:dll_dllmain.obj
 0004:0000033c       $pdata$?dllmain_crt_process_detach@@YAH_N@Z 000000018000d33c     MSVCRT:dll_dllmain.obj
 0004:00000348       $pdata$?dllmain_dispatch@@YAHQEAUHINSTANCE__@@KQEAX@Z 000000018000d348     MSVCRT:dll_dllmain.obj
 0004:00000354       $pdata$_DllMainCRTStartup  000000018000d354     MSVCRT:dll_dllmain.obj
 0004:00000360       $pdata$__raise_securityfailure 000000018000d360     MSVCRT:gs_report.obj
 0004:0000036c       $pdata$__report_gsfailure  000000018000d36c     MSVCRT:gs_report.obj
 0004:00000378       $pdata$__report_rangecheckfailure 000000018000d378     MSVCRT:gs_report.obj
 0004:00000384       $pdata$__report_securityfailure 000000018000d384     MSVCRT:gs_report.obj
 0004:00000390       $pdata$__report_securityfailureEx 000000018000d390     MSVCRT:gs_report.obj
 0004:0000039c       $pdata$capture_current_context 000000018000d39c     MSVCRT:gs_report.obj
 0004:000003a8       $pdata$capture_previous_context 000000018000d3a8     MSVCRT:gs_report.obj
 0004:000003b4       $pdata$__get_entropy       000000018000d3b4     MSVCRT:gs_support.obj
 0004:000003c0       $pdata$__security_init_cookie 000000018000d3c0     MSVCRT:gs_support.obj
 0004:000003cc       $pdata$DllMain             000000018000d3cc     MSVCRT:dll_dllmain_stub.obj
 0004:000003d8       $pdata$__scrt_initialize_default_local_stdio_options 000000018000d3d8     MSVCRT:default_local_stdio_options.obj
 0004:000003e4       $pdata$?configure_argv@__scrt_narrow_argv_policy@@SAHXZ 000000018000d3e4     MSVCRT:utility.obj
 0004:000003f0       $pdata$__scrt_acquire_startup_lock 000000018000d3f0     MSVCRT:utility.obj
 0004:000003fc       $pdata$__scrt_dllmain_after_initialize_c 000000018000d3fc     MSVCRT:utility.obj
 0004:00000408       $pdata$__scrt_dllmain_before_initialize_c 000000018000d408     MSVCRT:utility.obj
 0004:00000414       $pdata$__scrt_dllmain_crt_thread_attach 000000018000d414     MSVCRT:utility.obj
 0004:00000420       $pdata$__scrt_dllmain_crt_thread_detach 000000018000d420     MSVCRT:utility.obj
 0004:0000042c       $pdata$__scrt_dllmain_exception_filter 000000018000d42c     MSVCRT:utility.obj
 0004:00000438       $pdata$__scrt_dllmain_uninitialize_c 000000018000d438     MSVCRT:utility.obj
 0004:00000444       $pdata$__scrt_dllmain_uninitialize_critical 000000018000d444     MSVCRT:utility.obj
 0004:00000450       $pdata$__scrt_initialize_crt 000000018000d450     MSVCRT:utility.obj
 0004:0000045c       $pdata$__scrt_initialize_onexit_tables 000000018000d45c     MSVCRT:utility.obj
 0004:00000468       $pdata$__scrt_is_nonwritable_in_current_image 000000018000d468     MSVCRT:utility.obj
 0004:00000474       $pdata$__scrt_release_startup_lock 000000018000d474     MSVCRT:utility.obj
 0004:00000480       $pdata$__scrt_uninitialize_crt 000000018000d480     MSVCRT:utility.obj
 0004:0000048c       $pdata$_onexit             000000018000d48c     MSVCRT:utility.obj
 0004:00000498       $pdata$atexit              000000018000d498     MSVCRT:utility.obj
 0004:000004a4       $pdata$__scrt_fastfail     000000018000d4a4     MSVCRT:utility_desktop.obj
 0004:000004b0       $pdata$__scrt_get_show_window_mode 000000018000d4b0     MSVCRT:utility_desktop.obj
 0004:000004bc       $pdata$__scrt_is_managed_app 000000018000d4bc     MSVCRT:utility_desktop.obj
 0004:000004c8       $pdata$__scrt_unhandled_exception_filter 000000018000d4c8     MSVCRT:utility_desktop.obj
 0004:000004d4       $pdata$_RTC_Initialize     000000018000d4d4     MSVCRT:initsect.obj
 0004:000004e0       $pdata$_RTC_Terminate      000000018000d4e0     MSVCRT:initsect.obj
 0004:000004ec       $pdata$__isa_available_init 000000018000d4ec     MSVCRT:cpu_disp.obj
 0004:00000504       $pdata$?fin$0@?0??dllmain_crt_process_attach@@YAHQEAUHINSTANCE__@@QEAX@Z@4HA 000000018000d504     MSVCRT:dll_dllmain.obj
 0004:00000510       $pdata$?fin$0@?0??dllmain_crt_process_detach@@YAH_N@Z@4HA 000000018000d510     MSVCRT:dll_dllmain.obj
 0004:0000051c       $pdata$?filt$0@?0??dllmain_dispatch@@YAHQEAUHINSTANCE__@@KQEAX@Z@4HA 000000018000d51c     MSVCRT:dll_dllmain.obj
 0004:00000528       $pdata$__scrt_is_nonwritable_in_current_image$filt$0 000000018000d528     MSVCRT:utility.obj
 0005:00000aa8       .idata$6                   000000018000eaa8     ws2_32:WS2_32.dll
 0005:00000b3c       .idata$6                   000000018000eb3c     kernel32:KERNEL32.dll
 0005:00000b96       .idata$6                   000000018000eb96     vcruntime:VCRUNTIME140.dll
 0005:00000d4e       .idata$6                   000000018000ed4e     ucrt:api-ms-win-crt-stdio-l1-1-0.dll
 0005:00000d6e       .idata$6                   000000018000ed6e     ucrt:api-ms-win-crt-heap-l1-1-0.dll
 0005:00000d8e       .idata$6                   000000018000ed8e     ucrt:api-ms-win-crt-runtime-l1-1-0.dll
 0005:00000db0       .idata$6                   000000018000edb0     ucrt:api-ms-win-crt-string-l1-1-0.dll
 0005:00000dd2       .idata$6                   000000018000edd2     ucrt:api-ms-win-crt-convert-l1-1-0.dll
 0005:00000df4       .idata$6                   000000018000edf4     ucrt:api-ms-win-crt-time-l1-1-0.dll

 Exports

  ordinal    name

        1    xmlrpc_asprintf
        2    xmlrpc_assertion_failed
        3    xmlrpc_base64Encode
        4    xmlrpc_base64_decode
        5    xmlrpc_base64_encode
        6    xmlrpc_base64_encode_without_newlines
        7    xmlrpc_env_clean
        8    xmlrpc_env_init
        9    xmlrpc_env_set_fault
       10    xmlrpc_env_set_fault_formatted
       11    xmlrpc_faultf
       12    xmlrpc_force_to_utf8
       13    xmlrpc_force_to_xml_chars
       14    xmlrpc_gettimeofday
       15    xmlrpc_gmtime
       16    xmlrpc_localtime
       17    xmlrpc_lock_create
       18    xmlrpc_lock_create_windows
       19    xmlrpc_makePrintable
       20    xmlrpc_makePrintableChar
       21    xmlrpc_makePrintable_lp
       22    xmlrpc_mem_block_append
       23    xmlrpc_mem_block_contents
       24    xmlrpc_mem_block_free
       25    xmlrpc_mem_block_new
       26    xmlrpc_mem_block_new_pool
       27    xmlrpc_mem_block_resize
       28    xmlrpc_mem_block_size
       29    xmlrpc_mem_pool_alloc
       30    xmlrpc_mem_pool_free
       31    xmlrpc_mem_pool_new
       32    xmlrpc_mem_pool_release
       33    xmlrpc_millisecond_sleep
       34    xmlrpc_parse_int64
       35    xmlrpc_pselect
       36    xmlrpc_set_fault_formatted_v
       37    xmlrpc_strdupnull
       38    xmlrpc_strdupsol
       39    xmlrpc_strfree
       40    xmlrpc_strfreenull
       41    xmlrpc_strnomem
       42    xmlrpc_strnomemval
       43    xmlrpc_timegm
       44    xmlrpc_utf8_to_wcs
       45    xmlrpc_validate_utf8
       46    xmlrpc_vasprintf
       47    xmlrpc_wcs_to_utf8
